[37;1m2025-09-09 12:57:54.742 [33;1m[[37;1mUTILS[33;1m Warning] [37mCannot get machine id. Failing back to IP based ID[34;1m -> Function [36mHost[m
20250909.125755 run-done : pid,26
ADA-USD
AVX-AUD
BCH-CNY
DAI-USD
DOT-GBP
LTC-JPY
LUN-CAD
MTC-CAD
SOL-EUR
UNI-JPY
XLM-CNY
XLM-EUR
XMR-AUD
XRP-GBP
[37;1m2025-09-09 12:57:58.900 [33;1m[[37;1mRTPS_TRANSPORT_SHM[33;1m Warning] [37mBuffer is being invalidated, segment_size may be insufficient[34;1m -> Function [36minvalidate_if_not_processing[m
>>>> Received MarketDataRequest : MATCHING_ENGINE:DATA_SERVICE:OTHER_COIN_MARKET
Symbol to send full snapshot : ADA-USD
Publishing Full Market Data Snapshot : ADA-USD
Symbol to send full snapshot : AVX-AUD
Publishing Full Market Data Snapshot : AVX-AUD
Symbol to send full snapshot : BCH-CNY
Publishing Full Market Data Snapshot : BCH-CNY
Symbol to send full snapshot : DAI-USD
Publishing Full Market Data Snapshot : DAI-USD
Symbol to send full snapshot : DOT-GBP
Publishing Full Market Data Snapshot : DOT-GBP
Symbol to send full snapshot : LTC-JPY
Publishing Full Market Data Snapshot : LTC-JPY
Symbol to send full snapshot : LUN-CAD
Publishing Full Market Data Snapshot : LUN-CAD
Symbol to send full snapshot : MTC-CAD
Publishing Full Market Data Snapshot : MTC-CAD
Symbol to send full snapshot : SOL-EUR
Publishing Full Market Data Snapshot : SOL-EUR
Symbol to send full snapshot : UNI-JPY
Publishing Full Market Data Snapshot : UNI-JPY
Symbol to send full snapshot : XLM-CNY
Publishing Full Market Data Snapshot : XLM-CNY
Symbol to send full snapshot : XLM-EUR
Publishing Full Market Data Snapshot : XLM-EUR
Symbol to send full snapshot : XMR-AUD
Publishing Full Market Data Snapshot : XMR-AUD
Symbol to send full snapshot : XRP-GBP
Publishing Full Market Data Snapshot : XRP-GBP
ETH-AUD
ETH-CAD
ETH-CNY
ETH-EUR
ETH-GBP
ETH-JPY
ETH-USD
20250909.125800 run-done : pid,165
>>>> Received MarketDataRequest : MATCHING_ENGINE:DATA_SERVICE:ETH_MARKET
Symbol to send full snapshot : ETH-AUD
Publishing Full Market Data Snapshot : ETH-AUD
Symbol to send full snapshot : ETH-CAD
Publishing Full Market Data Snapshot : ETH-CAD
Symbol to send full snapshot : ETH-CNY
Publishing Full Market Data Snapshot : ETH-CNY
Symbol to send full snapshot : ETH-EUR
Publishing Full Market Data Snapshot : ETH-EUR
Symbol to send full snapshot : ETH-GBP
Publishing Full Market Data Snapshot : ETH-GBP
Symbol to send full snapshot : ETH-JPY
Publishing Full Market Data Snapshot : ETH-JPY
Symbol to send full snapshot : ETH-USD
Publishing Full Market Data Snapshot : ETH-USD
20250909.125804 run-done : pid,223
20250909.125807 run-done : pid,236
20250909.125810 run-done : pid,249
20250909.125813 run-done : pid,262
20250909.125816 run-done : pid,275
20250909.125819 run-done : pid,288
20250909.125822 run-done : pid,301
20250909.125826 run-done : pid,314
20250909.125829 run-done : pid,327
20250909.125832 run-done : pid,340
20250909.125835 run-done : pid,353
20250909.125838 run-done : pid,366
20250909.125842 run-done : pid,379
20250909.125845 run-done : pid,392
20250909.125848 run-done : pid,405
20250909.125851 run-done : pid,418
20250909.125854 run-done : pid,431
20250909.125857 run-done : pid,444
20250909.125900 run-done : pid,457
20250909.125904 run-done : pid,470
20250909.125907 run-done : pid,483
20250909.125910 run-done : pid,496
20250909.125913 run-done : pid,509
20250909.125916 run-done : pid,522
20250909.125919 run-done : pid,535
20250909.125923 run-done : pid,548
20250909.125926 run-done : pid,561
20250909.125929 run-done : pid,574
20250909.125932 run-done : pid,587
20250909.125935 run-done : pid,600
20250909.125938 run-done : pid,613
20250909.125941 run-done : pid,626
20250909.125945 run-done : pid,639
20250909.125948 run-done : pid,652
20250909.125951 run-done : pid,665
20250909.125954 run-done : pid,678
20250909.125957 run-done : pid,691
20250909.130001 run-done : pid,704
20250909.130004 run-done : pid,717
20250909.130007 run-done : pid,730
20250909.130010 run-done : pid,743
20250909.130013 run-done : pid,756
20250909.130016 run-done : pid,769
20250909.130019 run-done : pid,782
20250909.130023 run-done : pid,795
20250909.130026 run-done : pid,808
20250909.130029 run-done : pid,821
20250909.130032 run-done : pid,834
20250909.130035 run-done : pid,847
20250909.130038 run-done : pid,860
20250909.130042 run-done : pid,873
20250909.130045 run-done : pid,886
20250909.130048 run-done : pid,899
20250909.130051 run-done : pid,912
20250909.130054 run-done : pid,925
20250909.130058 run-done : pid,938
20250909.130101 run-done : pid,951
20250909.130105 run-done : pid,964
20250909.130108 run-done : pid,977
20250909.130111 run-done : pid,990
20250909.130115 run-done : pid,1003
20250909.130119 run-done : pid,1016
20250909.130122 run-done : pid,1029
20250909.130126 run-done : pid,1042
20250909.130129 run-done : pid,1055
20250909.130133 run-done : pid,1068
20250909.130136 run-done : pid,1081
20250909.130139 run-done : pid,1094
20250909.130142 run-done : pid,1107
20250909.130146 run-done : pid,1120
20250909.130149 run-done : pid,1133
20250909.130152 run-done : pid,1146
20250909.130155 run-done : pid,1159
20250909.130159 run-done : pid,1172
20250909.130202 run-done : pid,1185
20250909.130205 run-done : pid,1198
20250909.130209 run-done : pid,1211
20250909.130212 run-done : pid,1224
20250909.130215 run-done : pid,1237
20250909.130218 run-done : pid,1250
20250909.130221 run-done : pid,1263
20250909.130225 run-done : pid,1276
20250909.130228 run-done : pid,1289
20250909.130231 run-done : pid,1302
20250909.130234 run-done : pid,1315
20250909.130238 run-done : pid,1328
20250909.130241 run-done : pid,1341
20250909.130244 run-done : pid,1354
20250909.130247 run-done : pid,1367
20250909.130250 run-done : pid,1380
20250909.130254 run-done : pid,1393
20250909.130257 run-done : pid,1406
20250909.130300 run-done : pid,1419
20250909.130303 run-done : pid,1432
20250909.130306 run-done : pid,1445
20250909.130310 run-done : pid,1458
20250909.130313 run-done : pid,1471
20250909.130316 run-done : pid,1484
20250909.130319 run-done : pid,1497
20250909.130322 run-done : pid,1510
20250909.130326 run-done : pid,1523
20250909.130329 run-done : pid,1536
20250909.130332 run-done : pid,1549
20250909.130335 run-done : pid,1562
20250909.130338 run-done : pid,1575
20250909.130342 run-done : pid,1588
20250909.130345 run-done : pid,1601
20250909.130348 run-done : pid,1614
20250909.130351 run-done : pid,1627
20250909.130354 run-done : pid,1640
20250909.130358 run-done : pid,1653
20250909.130401 run-done : pid,1666
20250909.130404 run-done : pid,1679
20250909.130408 run-done : pid,1692
20250909.130411 run-done : pid,1705
20250909.130414 run-done : pid,1718
20250909.130417 run-done : pid,1731
20250909.130420 run-done : pid,1744
20250909.130424 run-done : pid,1757
20250909.130427 run-done : pid,1770
20250909.130430 run-done : pid,1783
20250909.130433 run-done : pid,1796
20250909.130436 run-done : pid,1809
20250909.130440 run-done : pid,1822
20250909.130443 run-done : pid,1835
20250909.130446 run-done : pid,1848
20250909.130449 run-done : pid,1861
20250909.130452 run-done : pid,1874
20250909.130456 run-done : pid,1887
20250909.130459 run-done : pid,1900
20250909.130502 run-done : pid,1913
20250909.130505 run-done : pid,1926
20250909.130509 run-done : pid,1939
20250909.130512 run-done : pid,1952
20250909.130515 run-done : pid,1965
20250909.130519 run-done : pid,1978
20250909.130522 run-done : pid,1991
20250909.130525 run-done : pid,2004
20250909.130528 run-done : pid,2017
20250909.130531 run-done : pid,2030
20250909.130534 run-done : pid,2043
20250909.130538 run-done : pid,2056
20250909.130541 run-done : pid,2069
20250909.130544 run-done : pid,2082
20250909.130547 run-done : pid,2095
20250909.130550 run-done : pid,2108
20250909.130554 run-done : pid,2121
20250909.130557 run-done : pid,2134
20250909.130600 run-done : pid,2147
20250909.130603 run-done : pid,2160
20250909.130606 run-done : pid,2173
20250909.130610 run-done : pid,2186
20250909.130613 run-done : pid,2199
20250909.130616 run-done : pid,2212
20250909.130619 run-done : pid,2225
20250909.130622 run-done : pid,2238
20250909.130625 run-done : pid,2251
20250909.130629 run-done : pid,2264
20250909.130632 run-done : pid,2277
20250909.130635 run-done : pid,2290
20250909.130638 run-done : pid,2303
20250909.130641 run-done : pid,2316
20250909.130645 run-done : pid,2329
20250909.130648 run-done : pid,2342
20250909.130651 run-done : pid,2355
20250909.130654 run-done : pid,2368
20250909.130657 run-done : pid,2381
20250909.130700 run-done : pid,2394
20250909.130704 run-done : pid,2407
20250909.130707 run-done : pid,2420
20250909.130710 run-done : pid,2433
20250909.130713 run-done : pid,2446
20250909.130716 run-done : pid,2459
20250909.130720 run-done : pid,2472
20250909.130723 run-done : pid,2485
20250909.130726 run-done : pid,2498
20250909.130729 run-done : pid,2511
20250909.130732 run-done : pid,2524
20250909.130735 run-done : pid,2537
20250909.130739 run-done : pid,2550
20250909.130742 run-done : pid,2563
20250909.130745 run-done : pid,2576
20250909.130748 run-done : pid,2589
20250909.130752 run-done : pid,2602
20250909.130755 run-done : pid,2615
20250909.130758 run-done : pid,2628
20250909.130802 run-done : pid,2641
20250909.130805 run-done : pid,2654
20250909.130808 run-done : pid,2667
20250909.130811 run-done : pid,2680
20250909.130814 run-done : pid,2693
20250909.130817 run-done : pid,2706
20250909.130821 run-done : pid,2719
20250909.130824 run-done : pid,2732
20250909.130827 run-done : pid,2745
20250909.130830 run-done : pid,2758
20250909.130833 run-done : pid,2771
20250909.130836 run-done : pid,2784
20250909.130840 run-done : pid,2797
20250909.130843 run-done : pid,2810
20250909.130846 run-done : pid,2823
20250909.130849 run-done : pid,2836
20250909.130852 run-done : pid,2849
20250909.130856 run-done : pid,2862
20250909.130859 run-done : pid,2875
20250909.130902 run-done : pid,2888
20250909.130905 run-done : pid,2901
20250909.130908 run-done : pid,2914
20250909.130911 run-done : pid,2927
20250909.130915 run-done : pid,2940
20250909.130918 run-done : pid,2953
20250909.130921 run-done : pid,2966
20250909.130924 run-done : pid,2979
20250909.130927 run-done : pid,2992
20250909.130930 run-done : pid,3005
20250909.130934 run-done : pid,3018
20250909.130937 run-done : pid,3031
20250909.130940 run-done : pid,3044
20250909.130943 run-done : pid,3057
20250909.130946 run-done : pid,3070
20250909.130949 run-done : pid,3083
20250909.130953 run-done : pid,3096
20250909.130956 run-done : pid,3109
20250909.130959 run-done : pid,3122
20250909.131002 run-done : pid,3135
20250909.131005 run-done : pid,3148
20250909.131009 run-done : pid,3161
20250909.131012 run-done : pid,3174
20250909.131015 run-done : pid,3187
20250909.131018 run-done : pid,3200
20250909.131021 run-done : pid,3213
20250909.131024 run-done : pid,3226
20250909.131028 run-done : pid,3239
20250909.131031 run-done : pid,3252
20250909.131034 run-done : pid,3265
20250909.131037 run-done : pid,3278
20250909.131040 run-done : pid,3291
20250909.131043 run-done : pid,3304
20250909.131047 run-done : pid,3317
20250909.131050 run-done : pid,3330
20250909.131053 run-done : pid,3343
20250909.131056 run-done : pid,3356
20250909.131059 run-done : pid,3369
20250909.131102 run-done : pid,3382
20250909.131106 run-done : pid,3395
20250909.131109 run-done : pid,3408
20250909.131112 run-done : pid,3421
20250909.131115 run-done : pid,3434
20250909.131118 run-done : pid,3447
20250909.131122 run-done : pid,3460
20250909.131125 run-done : pid,3473
20250909.131128 run-done : pid,3486
20250909.131131 run-done : pid,3499
20250909.131134 run-done : pid,3512
20250909.131137 run-done : pid,3525
20250909.131140 run-done : pid,3538
20250909.131144 run-done : pid,3551
20250909.131147 run-done : pid,3564
20250909.131150 run-done : pid,3577
20250909.131153 run-done : pid,3590
20250909.131156 run-done : pid,3603
20250909.131200 run-done : pid,3616
20250909.131203 run-done : pid,3629
20250909.131206 run-done : pid,3642
20250909.131209 run-done : pid,3655
20250909.131212 run-done : pid,3668
20250909.131215 run-done : pid,3681
20250909.131219 run-done : pid,3694
20250909.131222 run-done : pid,3707
20250909.131225 run-done : pid,3720
20250909.131228 run-done : pid,3733
20250909.131231 run-done : pid,3746
20250909.131234 run-done : pid,3759
20250909.131238 run-done : pid,3772
20250909.131241 run-done : pid,3785
20250909.131244 run-done : pid,3798
20250909.131247 run-done : pid,3811
20250909.131250 run-done : pid,3824
20250909.131253 run-done : pid,3837
20250909.131257 run-done : pid,3850
20250909.131300 run-done : pid,3863
20250909.131303 run-done : pid,3876
20250909.131306 run-done : pid,3889
20250909.131309 run-done : pid,3902
20250909.131312 run-done : pid,3915
20250909.131316 run-done : pid,3928
20250909.131319 run-done : pid,3941
20250909.131322 run-done : pid,3954
20250909.131325 run-done : pid,3967
20250909.131328 run-done : pid,3980
20250909.131332 run-done : pid,3993
20250909.131335 run-done : pid,4006
20250909.131338 run-done : pid,4019
20250909.131341 run-done : pid,4032
20250909.131344 run-done : pid,4045
20250909.131347 run-done : pid,4058
20250909.131351 run-done : pid,4071
20250909.131354 run-done : pid,4084
20250909.131357 run-done : pid,4097
20250909.131400 run-done : pid,4110
20250909.131403 run-done : pid,4123
20250909.131407 run-done : pid,4136
20250909.131410 run-done : pid,4149
20250909.131413 run-done : pid,4162
20250909.131416 run-done : pid,4175
20250909.131419 run-done : pid,4188
20250909.131422 run-done : pid,4201
20250909.131426 run-done : pid,4214
20250909.131429 run-done : pid,4227
20250909.131432 run-done : pid,4240
20250909.131435 run-done : pid,4253
20250909.131438 run-done : pid,4266
20250909.131442 run-done : pid,4279
20250909.131445 run-done : pid,4292
20250909.131448 run-done : pid,4305
20250909.131451 run-done : pid,4318
20250909.131454 run-done : pid,4331
20250909.131458 run-done : pid,4344
20250909.131501 run-done : pid,4357
20250909.131504 run-done : pid,4370
20250909.131507 run-done : pid,4383
20250909.131510 run-done : pid,4396
20250909.131514 run-done : pid,4409
20250909.131517 run-done : pid,4422
20250909.131520 run-done : pid,4435
20250909.131523 run-done : pid,4448
20250909.131526 run-done : pid,4461
20250909.131529 run-done : pid,4474
20250909.131533 run-done : pid,4487
20250909.131536 run-done : pid,4500
20250909.131539 run-done : pid,4513
20250909.131542 run-done : pid,4526
20250909.131546 run-done : pid,4539
20250909.131549 run-done : pid,4552
20250909.131552 run-done : pid,4565
20250909.131555 run-done : pid,4578
20250909.131559 run-done : pid,4591
20250909.131602 run-done : pid,4604
20250909.131605 run-done : pid,4617
20250909.131608 run-done : pid,4630
20250909.131612 run-done : pid,4643
20250909.131615 run-done : pid,4656
20250909.131618 run-done : pid,4669
20250909.131621 run-done : pid,4682
20250909.131624 run-done : pid,4695
20250909.131628 run-done : pid,4708
20250909.131631 run-done : pid,4721
20250909.131634 run-done : pid,4734
20250909.131637 run-done : pid,4747
20250909.131640 run-done : pid,4760
20250909.131644 run-done : pid,4773
20250909.131647 run-done : pid,4786
20250909.131650 run-done : pid,4799
20250909.131653 run-done : pid,4812
20250909.131656 run-done : pid,4825
20250909.131700 run-done : pid,4838
20250909.131703 run-done : pid,4851
20250909.131706 run-done : pid,4864
20250909.131709 run-done : pid,4877
20250909.131712 run-done : pid,4890
20250909.131715 run-done : pid,4903
20250909.131719 run-done : pid,4916
20250909.131722 run-done : pid,4929
20250909.131725 run-done : pid,4942
20250909.131728 run-done : pid,4955
20250909.131731 run-done : pid,4968
20250909.131735 run-done : pid,4981
20250909.131738 run-done : pid,4994
20250909.131741 run-done : pid,5007
20250909.131744 run-done : pid,5020
20250909.131747 run-done : pid,5033
20250909.131751 run-done : pid,5046
20250909.131754 run-done : pid,5059
20250909.131757 run-done : pid,5072
20250909.131800 run-done : pid,5085
20250909.131803 run-done : pid,5098
20250909.131807 run-done : pid,5111
20250909.131810 run-done : pid,5124
20250909.131813 run-done : pid,5137
20250909.131817 run-done : pid,5150
20250909.131820 run-done : pid,5163
20250909.131823 run-done : pid,5176
20250909.131826 run-done : pid,5189
20250909.131830 run-done : pid,5202
20250909.131833 run-done : pid,5215
20250909.131836 run-done : pid,5228
20250909.131839 run-done : pid,5241
20250909.131842 run-done : pid,5254
20250909.131846 run-done : pid,5267
20250909.131849 run-done : pid,5280
20250909.131852 run-done : pid,5293
20250909.131855 run-done : pid,5306
20250909.131859 run-done : pid,5319
20250909.131902 run-done : pid,5332
20250909.131905 run-done : pid,5345
20250909.131908 run-done : pid,5358
20250909.131911 run-done : pid,5371
20250909.131915 run-done : pid,5384
20250909.131918 run-done : pid,5397
20250909.131921 run-done : pid,5410
20250909.131925 run-done : pid,5423
20250909.131928 run-done : pid,5436
20250909.131931 run-done : pid,5449
20250909.131934 run-done : pid,5462
20250909.131937 run-done : pid,5475
20250909.131941 run-done : pid,5488
20250909.131944 run-done : pid,5501
20250909.131947 run-done : pid,5514
20250909.131950 run-done : pid,5527
20250909.131954 run-done : pid,5540
20250909.131957 run-done : pid,5553
20250909.132000 run-done : pid,5566
20250909.132003 run-done : pid,5579
20250909.132007 run-done : pid,5592
20250909.132010 run-done : pid,5605
20250909.132013 run-done : pid,5618
20250909.132016 run-done : pid,5631
20250909.132020 run-done : pid,5644
20250909.132023 run-done : pid,5657
20250909.132026 run-done : pid,5670
20250909.132029 run-done : pid,5683
20250909.132032 run-done : pid,5696
20250909.132036 run-done : pid,5709
20250909.132039 run-done : pid,5722
20250909.132042 run-done : pid,5735
20250909.132045 run-done : pid,5748
20250909.132048 run-done : pid,5761
20250909.132052 run-done : pid,5774
20250909.132055 run-done : pid,5787
20250909.132059 run-done : pid,5800
20250909.132103 run-done : pid,5813
20250909.132106 run-done : pid,5826
20250909.132109 run-done : pid,5839
20250909.132112 run-done : pid,5852
20250909.132115 run-done : pid,5865
20250909.132118 run-done : pid,5878
20250909.133710 run-done : pid,5891
20250909.133713 run-done : pid,5904
20250909.133716 run-done : pid,5917
20250909.133720 run-done : pid,5930
20250909.133723 run-done : pid,5943
20250909.133726 run-done : pid,5956
20250909.133729 run-done : pid,5969
20250909.133732 run-done : pid,5982
20250909.133735 run-done : pid,5995
20250909.133738 run-done : pid,6008
20250909.133742 run-done : pid,6021
20250909.133745 run-done : pid,6034
20250909.133748 run-done : pid,6047
20250909.133751 run-done : pid,6060
20250909.133754 run-done : pid,6073
20250909.133758 run-done : pid,6086
20250909.133801 run-done : pid,6099
20250909.133805 run-done : pid,6112
20250909.133808 run-done : pid,6125
20250909.133811 run-done : pid,6138
20250909.133814 run-done : pid,6151
20250909.133817 run-done : pid,6164
20250909.133821 run-done : pid,6177
20250909.133824 run-done : pid,6190
20250909.133827 run-done : pid,6203
20250909.133830 run-done : pid,6216
20250909.133833 run-done : pid,6229
20250909.133837 run-done : pid,6242
20250909.133840 run-done : pid,6255
