20250909.125759 run-done : pid,106
20250909.125801 run-done : pid,200
20250909.125804 run-done : pid,231
20250909.125807 run-done : pid,244
20250909.125810 run-done : pid,257
20250909.125814 run-done : pid,270
20250909.125817 run-done : pid,283
20250909.125820 run-done : pid,296
20250909.125823 run-done : pid,309
20250909.125826 run-done : pid,322
20250909.125829 run-done : pid,335
20250909.125833 run-done : pid,348
20250909.125836 run-done : pid,361
20250909.125839 run-done : pid,374
20250909.125842 run-done : pid,387
20250909.125845 run-done : pid,400
20250909.125848 run-done : pid,413
20250909.125852 run-done : pid,426
20250909.125855 run-done : pid,439
20250909.125858 run-done : pid,452
20250909.125901 run-done : pid,465
20250909.125904 run-done : pid,478
20250909.125907 run-done : pid,491
20250909.125910 run-done : pid,504
20250909.125914 run-done : pid,517
20250909.125917 run-done : pid,530
20250909.125920 run-done : pid,543
20250909.125923 run-done : pid,556
20250909.125926 run-done : pid,569
20250909.125929 run-done : pid,582
20250909.125933 run-done : pid,595
20250909.125936 run-done : pid,608
20250909.125939 run-done : pid,621
20250909.125942 run-done : pid,634
20250909.125945 run-done : pid,647
20250909.125948 run-done : pid,660
20250909.125951 run-done : pid,673
20250909.125955 run-done : pid,686
20250909.125958 run-done : pid,699
Connection Token: CRYPTO_TRADER_1:FIX_GWY_1:1757422800:0
Data Reader Logon : Message : Logon { 
ddsMsg.DATS_Source : DATA_SERVICE
ddsMsg.DATS_Destination : DATA_SERVICE
ddsMsg.DATS_SourceUser : AUTH
ddsMsg.DATS_DestinationUser : CRYPTO_TRADER_1
Header { 
ddsMsg.BeginString : FIX.4.4
ddsMsg.BodyLength : 114
ddsMsg.MsgType : A
ddsMsg.SenderCompID : CRYPTO_TRADER_1
ddsMsg.TargetCompID : FIX_GWY_1
ddsMsg.MsgSeqNum : 1
ddsMsg.SenderSubID : 
ddsMsg.TargetSubID : 
ddsMsg.SendingTime : 2460928
}
ddsMsg.EncryptMethod : 0
ddsMsg.HeartBtInt : 30
ddsMsg.RawData : CRYPTO_TRADER_1:FIX_GWY_1:1757422800:0
ddsMsg.Username : CRYPTO_TRADER_1
ddsMsg.Password : TEST
}

20250909.130001 run-done : pid,712
20250909.130004 run-done : pid,725
20250909.130007 run-done : pid,738
20250909.130011 run-done : pid,751
20250909.130014 run-done : pid,764
20250909.130017 run-done : pid,777
20250909.130020 run-done : pid,790
20250909.130023 run-done : pid,803
20250909.130026 run-done : pid,816
20250909.130029 run-done : pid,829
20250909.130033 run-done : pid,842
20250909.130036 run-done : pid,855
20250909.130039 run-done : pid,868
20250909.130042 run-done : pid,881
20250909.130045 run-done : pid,894
20250909.130048 run-done : pid,907
20250909.130052 run-done : pid,920
20250909.130055 run-done : pid,933
20250909.130059 run-done : pid,946
20250909.130102 run-done : pid,959
20250909.130105 run-done : pid,972
20250909.130109 run-done : pid,985
20250909.130113 run-done : pid,998
20250909.130116 run-done : pid,1011
20250909.130120 run-done : pid,1024
20250909.130123 run-done : pid,1037
20250909.130127 run-done : pid,1050
20250909.130130 run-done : pid,1063
20250909.130133 run-done : pid,1076
20250909.130137 run-done : pid,1089
20250909.130140 run-done : pid,1102
20250909.130143 run-done : pid,1115
20250909.130146 run-done : pid,1128
20250909.130149 run-done : pid,1141
20250909.130153 run-done : pid,1154
20250909.130156 run-done : pid,1167
20250909.130159 run-done : pid,1180
20250909.130203 run-done : pid,1193
20250909.130206 run-done : pid,1206
20250909.130209 run-done : pid,1219
20250909.130212 run-done : pid,1232
20250909.130216 run-done : pid,1245
20250909.130219 run-done : pid,1258
20250909.130222 run-done : pid,1271
20250909.130225 run-done : pid,1284
20250909.130229 run-done : pid,1297
20250909.130232 run-done : pid,1310
20250909.130235 run-done : pid,1323
20250909.130238 run-done : pid,1336
20250909.130241 run-done : pid,1349
20250909.130245 run-done : pid,1362
20250909.130248 run-done : pid,1375
20250909.130251 run-done : pid,1388
20250909.130254 run-done : pid,1401
20250909.130257 run-done : pid,1414
20250909.130301 run-done : pid,1427
20250909.130304 run-done : pid,1440
20250909.130307 run-done : pid,1453
20250909.130310 run-done : pid,1466
20250909.130313 run-done : pid,1479
20250909.130317 run-done : pid,1492
20250909.130320 run-done : pid,1505
20250909.130323 run-done : pid,1518
20250909.130326 run-done : pid,1531
20250909.130329 run-done : pid,1544
20250909.130333 run-done : pid,1557
20250909.130336 run-done : pid,1570
20250909.130339 run-done : pid,1583
20250909.130342 run-done : pid,1596
20250909.130345 run-done : pid,1609
20250909.130349 run-done : pid,1622
20250909.130352 run-done : pid,1635
20250909.130355 run-done : pid,1648
20250909.130358 run-done : pid,1661
20250909.130402 run-done : pid,1674
20250909.130405 run-done : pid,1687
20250909.130408 run-done : pid,1700
20250909.130411 run-done : pid,1713
20250909.130415 run-done : pid,1726
20250909.130418 run-done : pid,1739
20250909.130421 run-done : pid,1752
20250909.130424 run-done : pid,1765
20250909.130427 run-done : pid,1778
20250909.130431 run-done : pid,1791
20250909.130434 run-done : pid,1804
20250909.130437 run-done : pid,1817
20250909.130440 run-done : pid,1830
20250909.130443 run-done : pid,1843
20250909.130447 run-done : pid,1856
20250909.130450 run-done : pid,1869
20250909.130453 run-done : pid,1882
20250909.130456 run-done : pid,1895
20250909.130500 run-done : pid,1908
20250909.130503 run-done : pid,1921
20250909.130506 run-done : pid,1934
20250909.130509 run-done : pid,1947
20250909.130513 run-done : pid,1960
20250909.130516 run-done : pid,1973
20250909.130519 run-done : pid,1986
20250909.130522 run-done : pid,1999
20250909.130525 run-done : pid,2012
20250909.130529 run-done : pid,2025
20250909.130532 run-done : pid,2038
20250909.130535 run-done : pid,2051
20250909.130538 run-done : pid,2064
20250909.130541 run-done : pid,2077
20250909.130545 run-done : pid,2090
20250909.130548 run-done : pid,2103
20250909.130551 run-done : pid,2116
20250909.130554 run-done : pid,2129
20250909.130557 run-done : pid,2142
20250909.130601 run-done : pid,2155
20250909.130604 run-done : pid,2168
20250909.130607 run-done : pid,2181
20250909.130610 run-done : pid,2194
20250909.130613 run-done : pid,2207
20250909.130617 run-done : pid,2220
20250909.130620 run-done : pid,2233
20250909.130623 run-done : pid,2246
20250909.130626 run-done : pid,2259
20250909.130629 run-done : pid,2272
20250909.130632 run-done : pid,2285
20250909.130636 run-done : pid,2298
20250909.130639 run-done : pid,2311
20250909.130642 run-done : pid,2324
20250909.130645 run-done : pid,2337
20250909.130648 run-done : pid,2350
20250909.130651 run-done : pid,2363
20250909.130655 run-done : pid,2376
20250909.130658 run-done : pid,2389
20250909.130701 run-done : pid,2402
20250909.130704 run-done : pid,2415
20250909.130707 run-done : pid,2428
20250909.130711 run-done : pid,2441
20250909.130714 run-done : pid,2454
20250909.130717 run-done : pid,2467
20250909.130720 run-done : pid,2480
20250909.130723 run-done : pid,2493
20250909.130726 run-done : pid,2506
20250909.130730 run-done : pid,2519
20250909.130733 run-done : pid,2532
20250909.130736 run-done : pid,2545
20250909.130739 run-done : pid,2558
20250909.130743 run-done : pid,2571
20250909.130746 run-done : pid,2584
20250909.130749 run-done : pid,2597
20250909.130752 run-done : pid,2610
20250909.130756 run-done : pid,2623
20250909.130759 run-done : pid,2636
20250909.130802 run-done : pid,2649
20250909.130805 run-done : pid,2662
20250909.130809 run-done : pid,2675
20250909.130812 run-done : pid,2688
20250909.130815 run-done : pid,2701
20250909.130818 run-done : pid,2714
20250909.130821 run-done : pid,2727
20250909.130824 run-done : pid,2740
20250909.130828 run-done : pid,2753
20250909.130831 run-done : pid,2766
20250909.130834 run-done : pid,2779
20250909.130837 run-done : pid,2792
20250909.130840 run-done : pid,2805
20250909.130843 run-done : pid,2818
20250909.130847 run-done : pid,2831
20250909.130850 run-done : pid,2844
20250909.130853 run-done : pid,2857
20250909.130856 run-done : pid,2870
20250909.130859 run-done : pid,2883
20250909.130902 run-done : pid,2896
20250909.130906 run-done : pid,2909
20250909.130909 run-done : pid,2922
20250909.130912 run-done : pid,2935
20250909.130915 run-done : pid,2948
20250909.130918 run-done : pid,2961
20250909.130922 run-done : pid,2974
20250909.130925 run-done : pid,2987
20250909.130928 run-done : pid,3000
20250909.130931 run-done : pid,3013
20250909.130934 run-done : pid,3026
20250909.130937 run-done : pid,3039
20250909.130941 run-done : pid,3052
20250909.130944 run-done : pid,3065
20250909.130947 run-done : pid,3078
20250909.130950 run-done : pid,3091
20250909.130953 run-done : pid,3104
20250909.130956 run-done : pid,3117
20250909.131000 run-done : pid,3130
20250909.131003 run-done : pid,3143
20250909.131006 run-done : pid,3156
20250909.131009 run-done : pid,3169
20250909.131012 run-done : pid,3182
20250909.131015 run-done : pid,3195
20250909.131019 run-done : pid,3208
20250909.131022 run-done : pid,3221
20250909.131025 run-done : pid,3234
20250909.131028 run-done : pid,3247
20250909.131031 run-done : pid,3260
20250909.131034 run-done : pid,3273
20250909.131038 run-done : pid,3286
20250909.131041 run-done : pid,3299
20250909.131044 run-done : pid,3312
20250909.131047 run-done : pid,3325
20250909.131050 run-done : pid,3338
20250909.131053 run-done : pid,3351
20250909.131057 run-done : pid,3364
20250909.131100 run-done : pid,3377
20250909.131103 run-done : pid,3390
20250909.131106 run-done : pid,3403
20250909.131109 run-done : pid,3416
20250909.131113 run-done : pid,3429
20250909.131116 run-done : pid,3442
20250909.131119 run-done : pid,3455
20250909.131122 run-done : pid,3468
20250909.131125 run-done : pid,3481
20250909.131128 run-done : pid,3494
20250909.131132 run-done : pid,3507
20250909.131135 run-done : pid,3520
20250909.131138 run-done : pid,3533
20250909.131141 run-done : pid,3546
20250909.131144 run-done : pid,3559
20250909.131147 run-done : pid,3572
20250909.131151 run-done : pid,3585
20250909.131154 run-done : pid,3598
20250909.131157 run-done : pid,3611
20250909.131200 run-done : pid,3624
20250909.131203 run-done : pid,3637
20250909.131206 run-done : pid,3650
20250909.131210 run-done : pid,3663
20250909.131213 run-done : pid,3676
20250909.131216 run-done : pid,3689
20250909.131219 run-done : pid,3702
20250909.131222 run-done : pid,3715
20250909.131225 run-done : pid,3728
20250909.131229 run-done : pid,3741
20250909.131232 run-done : pid,3754
20250909.131235 run-done : pid,3767
20250909.131238 run-done : pid,3780
20250909.131241 run-done : pid,3793
20250909.131244 run-done : pid,3806
20250909.131248 run-done : pid,3819
20250909.131251 run-done : pid,3832
20250909.131254 run-done : pid,3845
20250909.131257 run-done : pid,3858
20250909.131300 run-done : pid,3871
20250909.131304 run-done : pid,3884
20250909.131307 run-done : pid,3897
20250909.131310 run-done : pid,3910
20250909.131313 run-done : pid,3923
20250909.131316 run-done : pid,3936
20250909.131319 run-done : pid,3949
20250909.131323 run-done : pid,3962
20250909.131326 run-done : pid,3975
20250909.131329 run-done : pid,3988
20250909.131332 run-done : pid,4001
20250909.131335 run-done : pid,4014
20250909.131338 run-done : pid,4027
20250909.131342 run-done : pid,4040
20250909.131345 run-done : pid,4053
20250909.131348 run-done : pid,4066
20250909.131351 run-done : pid,4079
20250909.131354 run-done : pid,4092
20250909.131358 run-done : pid,4105
20250909.131401 run-done : pid,4118
20250909.131404 run-done : pid,4131
20250909.131407 run-done : pid,4144
20250909.131410 run-done : pid,4157
20250909.131414 run-done : pid,4170
20250909.131417 run-done : pid,4183
20250909.131420 run-done : pid,4196
20250909.131423 run-done : pid,4209
20250909.131426 run-done : pid,4222
20250909.131429 run-done : pid,4235
20250909.131433 run-done : pid,4248
20250909.131436 run-done : pid,4261
20250909.131439 run-done : pid,4274
20250909.131442 run-done : pid,4287
20250909.131445 run-done : pid,4300
20250909.131449 run-done : pid,4313
20250909.131452 run-done : pid,4326
20250909.131455 run-done : pid,4339
20250909.131458 run-done : pid,4352
20250909.131501 run-done : pid,4365
20250909.131505 run-done : pid,4378
20250909.131508 run-done : pid,4391
20250909.131511 run-done : pid,4404
20250909.131514 run-done : pid,4417
20250909.131517 run-done : pid,4430
20250909.131521 run-done : pid,4443
20250909.131524 run-done : pid,4456
20250909.131527 run-done : pid,4469
20250909.131530 run-done : pid,4482
20250909.131533 run-done : pid,4495
20250909.131536 run-done : pid,4508
20250909.131540 run-done : pid,4521
20250909.131543 run-done : pid,4534
20250909.131546 run-done : pid,4547
20250909.131550 run-done : pid,4560
20250909.131553 run-done : pid,4573
20250909.131556 run-done : pid,4586
20250909.131559 run-done : pid,4599
20250909.131603 run-done : pid,4612
20250909.131606 run-done : pid,4625
20250909.131609 run-done : pid,4638
20250909.131612 run-done : pid,4651
20250909.131615 run-done : pid,4664
20250909.131619 run-done : pid,4677
20250909.131622 run-done : pid,4690
20250909.131625 run-done : pid,4703
20250909.131628 run-done : pid,4716
20250909.131631 run-done : pid,4729
20250909.131635 run-done : pid,4742
20250909.131638 run-done : pid,4755
20250909.131641 run-done : pid,4768
20250909.131644 run-done : pid,4781
20250909.131647 run-done : pid,4794
20250909.131651 run-done : pid,4807
20250909.131654 run-done : pid,4820
20250909.131657 run-done : pid,4833
20250909.131700 run-done : pid,4846
20250909.131703 run-done : pid,4859
20250909.131706 run-done : pid,4872
20250909.131710 run-done : pid,4885
20250909.131713 run-done : pid,4898
20250909.131716 run-done : pid,4911
20250909.131719 run-done : pid,4924
20250909.131723 run-done : pid,4937
20250909.131726 run-done : pid,4950
20250909.131729 run-done : pid,4963
20250909.131732 run-done : pid,4976
20250909.131735 run-done : pid,4989
20250909.131738 run-done : pid,5002
20250909.131742 run-done : pid,5015
20250909.131745 run-done : pid,5028
20250909.131748 run-done : pid,5041
20250909.131751 run-done : pid,5054
20250909.131754 run-done : pid,5067
20250909.131758 run-done : pid,5080
20250909.131801 run-done : pid,5093
20250909.131804 run-done : pid,5106
20250909.131807 run-done : pid,5119
20250909.131810 run-done : pid,5132
20250909.131814 run-done : pid,5145
20250909.131817 run-done : pid,5158
20250909.131821 run-done : pid,5171
20250909.131824 run-done : pid,5184
20250909.131827 run-done : pid,5197
20250909.131830 run-done : pid,5210
20250909.131833 run-done : pid,5223
20250909.131837 run-done : pid,5236
20250909.131840 run-done : pid,5249
20250909.131843 run-done : pid,5262
20250909.131846 run-done : pid,5275
20250909.131849 run-done : pid,5288
20250909.131853 run-done : pid,5301
20250909.131856 run-done : pid,5314
20250909.131859 run-done : pid,5327
20250909.131902 run-done : pid,5340
20250909.131906 run-done : pid,5353
20250909.131909 run-done : pid,5366
20250909.131912 run-done : pid,5379
20250909.131915 run-done : pid,5392
20250909.131919 run-done : pid,5405
20250909.131922 run-done : pid,5418
20250909.131925 run-done : pid,5431
20250909.131928 run-done : pid,5444
20250909.131932 run-done : pid,5457
20250909.131935 run-done : pid,5470
20250909.131938 run-done : pid,5483
20250909.131941 run-done : pid,5496
20250909.131944 run-done : pid,5509
20250909.131948 run-done : pid,5522
20250909.131951 run-done : pid,5535
20250909.131954 run-done : pid,5548
20250909.131958 run-done : pid,5561
20250909.132001 run-done : pid,5574
20250909.132004 run-done : pid,5587
20250909.132007 run-done : pid,5600
20250909.132010 run-done : pid,5613
20250909.132014 run-done : pid,5626
20250909.132017 run-done : pid,5639
20250909.132020 run-done : pid,5652
20250909.132023 run-done : pid,5665
20250909.132027 run-done : pid,5678
20250909.132030 run-done : pid,5691
20250909.132033 run-done : pid,5704
20250909.132036 run-done : pid,5717
20250909.132039 run-done : pid,5730
20250909.132043 run-done : pid,5743
20250909.132046 run-done : pid,5756
20250909.132049 run-done : pid,5769
20250909.132052 run-done : pid,5782
20250909.132055 run-done : pid,5795
20250909.132100 run-done : pid,5808
20250909.132103 run-done : pid,5821
20250909.132106 run-done : pid,5834
20250909.132110 run-done : pid,5847
20250909.132113 run-done : pid,5860
20250909.132116 run-done : pid,5873
20250909.132119 run-done : pid,5886
20250909.133711 run-done : pid,5899
20250909.133714 run-done : pid,5912
20250909.133717 run-done : pid,5925
20250909.133720 run-done : pid,5938
20250909.133723 run-done : pid,5951
20250909.133726 run-done : pid,5964
20250909.133730 run-done : pid,5977
20250909.133733 run-done : pid,5990
20250909.133736 run-done : pid,6003
20250909.133739 run-done : pid,6016
20250909.133742 run-done : pid,6029
20250909.133745 run-done : pid,6042
20250909.133749 run-done : pid,6055
20250909.133752 run-done : pid,6068
20250909.133755 run-done : pid,6081
20250909.133758 run-done : pid,6094
20250909.133801 run-done : pid,6107
20250909.133805 run-done : pid,6120
20250909.133808 run-done : pid,6133
20250909.133812 run-done : pid,6146
20250909.133815 run-done : pid,6159
20250909.133818 run-done : pid,6172
20250909.133821 run-done : pid,6185
20250909.133824 run-done : pid,6198
20250909.133828 run-done : pid,6211
20250909.133831 run-done : pid,6224
20250909.133834 run-done : pid,6237
20250909.133837 run-done : pid,6250
20250909.133840 run-done : pid,6263
