[37;1m2025-09-09 12:58:00.775 [31;1m[[37;1mRTPS_TRANSPORT_SHM[31;1m Error] [37mFailed to create segment fastdds_bd8ca086d8abfdd6: No such file or directory[34;1m -> Function [36mSegment[m
[37;1m2025-09-09 12:58:00.779 [31;1m[[37;1mRTPS_MSG_OUT[31;1m Error] [37mNo such file or directory[34;1m -> Function [36minit[m
[37;1m2025-09-09 12:58:00.779 [31;1m[[37;1mRTPS_PARTICIPANT[31;1m Error] [37mUnable to Register SHM Transport. SHM Transport is not supported in the current platform.[34;1m -> Function [36msetup_transports[m
20250909.125801 run-done : pid,161
20250909.125801 run-done : pid,214
20250909.125804 run-done : pid,233
20250909.125808 run-done : pid,246
20250909.125811 run-done : pid,259
20250909.125814 run-done : pid,272
20250909.125817 run-done : pid,285
20250909.125820 run-done : pid,298
20250909.125823 run-done : pid,311
20250909.125827 run-done : pid,324
20250909.125830 run-done : pid,337
20250909.125833 run-done : pid,350
20250909.125836 run-done : pid,363
20250909.125839 run-done : pid,376
20250909.125842 run-done : pid,389
20250909.125845 run-done : pid,402
20250909.125849 run-done : pid,415
20250909.125852 run-done : pid,428
20250909.125855 run-done : pid,441
20250909.125858 run-done : pid,454
20250909.125901 run-done : pid,467
20250909.125904 run-done : pid,480
20250909.125908 run-done : pid,493
20250909.125911 run-done : pid,506
20250909.125914 run-done : pid,519
20250909.125917 run-done : pid,532
20250909.125920 run-done : pid,545
20250909.125923 run-done : pid,558
20250909.125927 run-done : pid,571
20250909.125930 run-done : pid,584
20250909.125933 run-done : pid,597
20250909.125936 run-done : pid,610
20250909.125939 run-done : pid,623
20250909.125942 run-done : pid,636
20250909.125945 run-done : pid,649
20250909.125949 run-done : pid,662
20250909.125952 run-done : pid,675
20250909.125955 run-done : pid,688
20250909.125958 run-done : pid,701
Data Reader Logon : Message : Logon { 
ddsMsg.DATS_Source : DATA_SERVICE
ddsMsg.DATS_Destination : DATA_SERVICE
ddsMsg.DATS_SourceUser : AUTH
ddsMsg.DATS_DestinationUser : CRYPTO_TRADER_1
Header { 
ddsMsg.BeginString : FIX.4.4
ddsMsg.BodyLength : 114
ddsMsg.MsgType : A
ddsMsg.SenderCompID : CRYPTO_TRADER_1
ddsMsg.TargetCompID : FIX_GWY_1
ddsMsg.MsgSeqNum : 1
ddsMsg.SenderSubID : 
ddsMsg.TargetSubID : 
ddsMsg.SendingTime : 2460928
}
ddsMsg.EncryptMethod : 0
ddsMsg.HeartBtInt : 30
ddsMsg.RawData : CRYPTO_TRADER_1:FIX_GWY_1:1757422800:0
ddsMsg.Username : CRYPTO_TRADER_1
ddsMsg.Password : TEST
}

20250909.130001 run-done : pid,714
20250909.130005 run-done : pid,727
20250909.130008 run-done : pid,740
20250909.130011 run-done : pid,753
20250909.130014 run-done : pid,766
20250909.130017 run-done : pid,779
20250909.130020 run-done : pid,792
20250909.130023 run-done : pid,805
20250909.130027 run-done : pid,818
20250909.130030 run-done : pid,831
20250909.130033 run-done : pid,844
20250909.130036 run-done : pid,857
20250909.130039 run-done : pid,870
20250909.130042 run-done : pid,883
20250909.130046 run-done : pid,896
20250909.130049 run-done : pid,909
20250909.130052 run-done : pid,922
20250909.130055 run-done : pid,935
20250909.130059 run-done : pid,948
20250909.130102 run-done : pid,961
20250909.130105 run-done : pid,974
20250909.130109 run-done : pid,987
20250909.130113 run-done : pid,1000
20250909.130117 run-done : pid,1013
20250909.130120 run-done : pid,1026
20250909.130124 run-done : pid,1039
20250909.130127 run-done : pid,1052
20250909.130130 run-done : pid,1065
20250909.130134 run-done : pid,1078
20250909.130137 run-done : pid,1091
20250909.130140 run-done : pid,1104
20250909.130143 run-done : pid,1117
20250909.130146 run-done : pid,1130
20250909.130150 run-done : pid,1143
20250909.130153 run-done : pid,1156
20250909.130156 run-done : pid,1169
20250909.130200 run-done : pid,1182
20250909.130203 run-done : pid,1195
20250909.130206 run-done : pid,1208
20250909.130209 run-done : pid,1221
20250909.130213 run-done : pid,1234
20250909.130216 run-done : pid,1247
20250909.130219 run-done : pid,1260
20250909.130222 run-done : pid,1273
20250909.130226 run-done : pid,1286
20250909.130229 run-done : pid,1299
20250909.130232 run-done : pid,1312
20250909.130235 run-done : pid,1325
20250909.130238 run-done : pid,1338
20250909.130242 run-done : pid,1351
20250909.130245 run-done : pid,1364
20250909.130248 run-done : pid,1377
20250909.130251 run-done : pid,1390
20250909.130254 run-done : pid,1403
20250909.130258 run-done : pid,1416
20250909.130301 run-done : pid,1429
20250909.130304 run-done : pid,1442
20250909.130307 run-done : pid,1455
20250909.130310 run-done : pid,1468
20250909.130314 run-done : pid,1481
20250909.130317 run-done : pid,1494
20250909.130320 run-done : pid,1507
20250909.130323 run-done : pid,1520
20250909.130326 run-done : pid,1533
20250909.130330 run-done : pid,1546
20250909.130333 run-done : pid,1559
20250909.130336 run-done : pid,1572
20250909.130339 run-done : pid,1585
20250909.130342 run-done : pid,1598
20250909.130346 run-done : pid,1611
20250909.130349 run-done : pid,1624
20250909.130352 run-done : pid,1637
20250909.130355 run-done : pid,1650
20250909.130359 run-done : pid,1663
20250909.130402 run-done : pid,1676
20250909.130405 run-done : pid,1689
20250909.130409 run-done : pid,1702
20250909.130412 run-done : pid,1715
20250909.130415 run-done : pid,1728
20250909.130418 run-done : pid,1741
20250909.130421 run-done : pid,1754
20250909.130424 run-done : pid,1767
20250909.130428 run-done : pid,1780
20250909.130431 run-done : pid,1793
20250909.130434 run-done : pid,1806
20250909.130437 run-done : pid,1819
20250909.130440 run-done : pid,1832
20250909.130444 run-done : pid,1845
20250909.130447 run-done : pid,1858
20250909.130450 run-done : pid,1871
20250909.130453 run-done : pid,1884
20250909.130457 run-done : pid,1897
20250909.130500 run-done : pid,1910
20250909.130503 run-done : pid,1923
20250909.130506 run-done : pid,1936
20250909.130510 run-done : pid,1949
20250909.130513 run-done : pid,1962
20250909.130516 run-done : pid,1975
20250909.130519 run-done : pid,1988
20250909.130523 run-done : pid,2001
20250909.130526 run-done : pid,2014
20250909.130529 run-done : pid,2027
20250909.130532 run-done : pid,2040
20250909.130535 run-done : pid,2053
20250909.130539 run-done : pid,2066
20250909.130542 run-done : pid,2079
20250909.130545 run-done : pid,2092
20250909.130548 run-done : pid,2105
20250909.130551 run-done : pid,2118
20250909.130554 run-done : pid,2131
20250909.130558 run-done : pid,2144
20250909.130601 run-done : pid,2157
20250909.130604 run-done : pid,2170
20250909.130607 run-done : pid,2183
20250909.130610 run-done : pid,2196
20250909.130614 run-done : pid,2209
20250909.130617 run-done : pid,2222
20250909.130620 run-done : pid,2235
20250909.130623 run-done : pid,2248
20250909.130626 run-done : pid,2261
20250909.130630 run-done : pid,2274
20250909.130633 run-done : pid,2287
20250909.130636 run-done : pid,2300
20250909.130639 run-done : pid,2313
20250909.130642 run-done : pid,2326
20250909.130645 run-done : pid,2339
20250909.130649 run-done : pid,2352
20250909.130652 run-done : pid,2365
20250909.130655 run-done : pid,2378
20250909.130658 run-done : pid,2391
20250909.130701 run-done : pid,2404
20250909.130704 run-done : pid,2417
20250909.130708 run-done : pid,2430
20250909.130711 run-done : pid,2443
20250909.130714 run-done : pid,2456
20250909.130717 run-done : pid,2469
20250909.130720 run-done : pid,2482
20250909.130724 run-done : pid,2495
20250909.130727 run-done : pid,2508
20250909.130730 run-done : pid,2521
20250909.130733 run-done : pid,2534
20250909.130736 run-done : pid,2547
20250909.130739 run-done : pid,2560
20250909.130743 run-done : pid,2573
20250909.130746 run-done : pid,2586
20250909.130750 run-done : pid,2599
20250909.130753 run-done : pid,2612
20250909.130756 run-done : pid,2625
20250909.130759 run-done : pid,2638
20250909.130802 run-done : pid,2651
20250909.130806 run-done : pid,2664
20250909.130809 run-done : pid,2677
20250909.130812 run-done : pid,2690
20250909.130815 run-done : pid,2703
20250909.130818 run-done : pid,2716
20250909.130821 run-done : pid,2729
20250909.130825 run-done : pid,2742
20250909.130828 run-done : pid,2755
20250909.130831 run-done : pid,2768
20250909.130834 run-done : pid,2781
20250909.130837 run-done : pid,2794
20250909.130840 run-done : pid,2807
20250909.130844 run-done : pid,2820
20250909.130847 run-done : pid,2833
20250909.130850 run-done : pid,2846
20250909.130853 run-done : pid,2859
20250909.130856 run-done : pid,2872
20250909.130900 run-done : pid,2885
20250909.130903 run-done : pid,2898
20250909.130906 run-done : pid,2911
20250909.130909 run-done : pid,2924
20250909.130912 run-done : pid,2937
20250909.130915 run-done : pid,2950
20250909.130919 run-done : pid,2963
20250909.130922 run-done : pid,2976
20250909.130925 run-done : pid,2989
20250909.130928 run-done : pid,3002
20250909.130931 run-done : pid,3015
20250909.130934 run-done : pid,3028
20250909.130938 run-done : pid,3041
20250909.130941 run-done : pid,3054
20250909.130944 run-done : pid,3067
20250909.130947 run-done : pid,3080
20250909.130950 run-done : pid,3093
20250909.130954 run-done : pid,3106
20250909.130957 run-done : pid,3119
20250909.131000 run-done : pid,3132
20250909.131003 run-done : pid,3145
20250909.131006 run-done : pid,3158
20250909.131009 run-done : pid,3171
20250909.131013 run-done : pid,3184
20250909.131016 run-done : pid,3197
20250909.131019 run-done : pid,3210
20250909.131022 run-done : pid,3223
20250909.131025 run-done : pid,3236
20250909.131028 run-done : pid,3249
20250909.131032 run-done : pid,3262
20250909.131035 run-done : pid,3275
20250909.131038 run-done : pid,3288
20250909.131041 run-done : pid,3301
20250909.131044 run-done : pid,3314
20250909.131047 run-done : pid,3327
20250909.131051 run-done : pid,3340
20250909.131054 run-done : pid,3353
20250909.131057 run-done : pid,3366
20250909.131100 run-done : pid,3379
20250909.131103 run-done : pid,3392
20250909.131106 run-done : pid,3405
20250909.131110 run-done : pid,3418
20250909.131113 run-done : pid,3431
20250909.131116 run-done : pid,3444
20250909.131119 run-done : pid,3457
20250909.131122 run-done : pid,3470
20250909.131126 run-done : pid,3483
20250909.131129 run-done : pid,3496
20250909.131132 run-done : pid,3509
20250909.131135 run-done : pid,3522
20250909.131138 run-done : pid,3535
20250909.131141 run-done : pid,3548
20250909.131144 run-done : pid,3561
20250909.131148 run-done : pid,3574
20250909.131151 run-done : pid,3587
20250909.131154 run-done : pid,3600
20250909.131157 run-done : pid,3613
20250909.131200 run-done : pid,3626
20250909.131204 run-done : pid,3639
20250909.131207 run-done : pid,3652
20250909.131210 run-done : pid,3665
20250909.131213 run-done : pid,3678
20250909.131216 run-done : pid,3691
20250909.131219 run-done : pid,3704
20250909.131223 run-done : pid,3717
20250909.131226 run-done : pid,3730
20250909.131229 run-done : pid,3743
20250909.131232 run-done : pid,3756
20250909.131235 run-done : pid,3769
20250909.131238 run-done : pid,3782
20250909.131242 run-done : pid,3795
20250909.131245 run-done : pid,3808
20250909.131248 run-done : pid,3821
20250909.131251 run-done : pid,3834
20250909.131254 run-done : pid,3847
20250909.131257 run-done : pid,3860
20250909.131301 run-done : pid,3873
20250909.131304 run-done : pid,3886
20250909.131307 run-done : pid,3899
20250909.131310 run-done : pid,3912
20250909.131313 run-done : pid,3925
20250909.131316 run-done : pid,3938
20250909.131320 run-done : pid,3951
20250909.131323 run-done : pid,3964
20250909.131326 run-done : pid,3977
20250909.131329 run-done : pid,3990
20250909.131332 run-done : pid,4003
20250909.131336 run-done : pid,4016
20250909.131339 run-done : pid,4029
20250909.131342 run-done : pid,4042
20250909.131345 run-done : pid,4055
20250909.131348 run-done : pid,4068
20250909.131351 run-done : pid,4081
20250909.131355 run-done : pid,4094
20250909.131358 run-done : pid,4107
20250909.131401 run-done : pid,4120
20250909.131404 run-done : pid,4133
20250909.131407 run-done : pid,4146
20250909.131411 run-done : pid,4159
20250909.131414 run-done : pid,4172
20250909.131417 run-done : pid,4185
20250909.131420 run-done : pid,4198
20250909.131423 run-done : pid,4211
20250909.131427 run-done : pid,4224
20250909.131430 run-done : pid,4237
20250909.131433 run-done : pid,4250
20250909.131436 run-done : pid,4263
20250909.131439 run-done : pid,4276
20250909.131442 run-done : pid,4289
20250909.131446 run-done : pid,4302
20250909.131449 run-done : pid,4315
20250909.131452 run-done : pid,4328
20250909.131455 run-done : pid,4341
20250909.131458 run-done : pid,4354
20250909.131502 run-done : pid,4367
20250909.131505 run-done : pid,4380
20250909.131508 run-done : pid,4393
20250909.131511 run-done : pid,4406
20250909.131514 run-done : pid,4419
20250909.131518 run-done : pid,4432
20250909.131521 run-done : pid,4445
20250909.131524 run-done : pid,4458
20250909.131527 run-done : pid,4471
20250909.131530 run-done : pid,4484
20250909.131533 run-done : pid,4497
20250909.131537 run-done : pid,4510
20250909.131540 run-done : pid,4523
20250909.131543 run-done : pid,4536
20250909.131547 run-done : pid,4549
20250909.131550 run-done : pid,4562
20250909.131553 run-done : pid,4575
20250909.131556 run-done : pid,4588
20250909.131600 run-done : pid,4601
20250909.131603 run-done : pid,4614
20250909.131606 run-done : pid,4627
20250909.131609 run-done : pid,4640
20250909.131612 run-done : pid,4653
20250909.131616 run-done : pid,4666
20250909.131619 run-done : pid,4679
20250909.131622 run-done : pid,4692
20250909.131625 run-done : pid,4705
20250909.131628 run-done : pid,4718
20250909.131632 run-done : pid,4731
20250909.131635 run-done : pid,4744
20250909.131638 run-done : pid,4757
20250909.131641 run-done : pid,4770
20250909.131644 run-done : pid,4783
20250909.131648 run-done : pid,4796
20250909.131651 run-done : pid,4809
20250909.131654 run-done : pid,4822
20250909.131657 run-done : pid,4835
20250909.131700 run-done : pid,4848
20250909.131704 run-done : pid,4861
20250909.131707 run-done : pid,4874
20250909.131710 run-done : pid,4887
20250909.131713 run-done : pid,4900
20250909.131716 run-done : pid,4913
20250909.131720 run-done : pid,4926
20250909.131723 run-done : pid,4939
20250909.131726 run-done : pid,4952
20250909.131729 run-done : pid,4965
20250909.131732 run-done : pid,4978
20250909.131736 run-done : pid,4991
20250909.131739 run-done : pid,5004
20250909.131742 run-done : pid,5017
20250909.131745 run-done : pid,5030
20250909.131748 run-done : pid,5043
20250909.131751 run-done : pid,5056
20250909.131755 run-done : pid,5069
20250909.131758 run-done : pid,5082
20250909.131801 run-done : pid,5095
20250909.131804 run-done : pid,5108
20250909.131808 run-done : pid,5121
20250909.131811 run-done : pid,5134
20250909.131814 run-done : pid,5147
20250909.131818 run-done : pid,5160
20250909.131821 run-done : pid,5173
20250909.131824 run-done : pid,5186
20250909.131827 run-done : pid,5199
20250909.131831 run-done : pid,5212
20250909.131834 run-done : pid,5225
20250909.131837 run-done : pid,5238
20250909.131840 run-done : pid,5251
20250909.131843 run-done : pid,5264
20250909.131846 run-done : pid,5277
20250909.131850 run-done : pid,5290
20250909.131853 run-done : pid,5303
20250909.131856 run-done : pid,5316
20250909.131859 run-done : pid,5329
20250909.131903 run-done : pid,5342
20250909.131906 run-done : pid,5355
20250909.131909 run-done : pid,5368
20250909.131912 run-done : pid,5381
20250909.131916 run-done : pid,5394
20250909.131919 run-done : pid,5407
20250909.131922 run-done : pid,5420
20250909.131925 run-done : pid,5433
20250909.131929 run-done : pid,5446
20250909.131932 run-done : pid,5459
20250909.131935 run-done : pid,5472
20250909.131938 run-done : pid,5485
20250909.131941 run-done : pid,5498
20250909.131945 run-done : pid,5511
20250909.131948 run-done : pid,5524
20250909.131951 run-done : pid,5537
20250909.131955 run-done : pid,5550
20250909.131958 run-done : pid,5563
20250909.132001 run-done : pid,5576
20250909.132004 run-done : pid,5589
20250909.132008 run-done : pid,5602
20250909.132011 run-done : pid,5615
20250909.132014 run-done : pid,5628
20250909.132017 run-done : pid,5641
20250909.132020 run-done : pid,5654
20250909.132024 run-done : pid,5667
20250909.132027 run-done : pid,5680
20250909.132030 run-done : pid,5693
20250909.132033 run-done : pid,5706
20250909.132036 run-done : pid,5719
20250909.132040 run-done : pid,5732
20250909.132043 run-done : pid,5745
20250909.132046 run-done : pid,5758
20250909.132049 run-done : pid,5771
20250909.132052 run-done : pid,5784
20250909.132056 run-done : pid,5797
20250909.132100 run-done : pid,5810
20250909.132103 run-done : pid,5823
20250909.132107 run-done : pid,5836
20250909.132110 run-done : pid,5849
20250909.132113 run-done : pid,5862
20250909.132116 run-done : pid,5875
20250909.132119 run-done : pid,5888
20250909.133711 run-done : pid,5901
20250909.133714 run-done : pid,5914
20250909.133717 run-done : pid,5927
20250909.133720 run-done : pid,5940
20250909.133724 run-done : pid,5953
20250909.133727 run-done : pid,5966
20250909.133730 run-done : pid,5979
20250909.133733 run-done : pid,5992
20250909.133736 run-done : pid,6005
20250909.133739 run-done : pid,6018
20250909.133742 run-done : pid,6031
20250909.133746 run-done : pid,6044
20250909.133749 run-done : pid,6057
20250909.133752 run-done : pid,6070
20250909.133755 run-done : pid,6083
20250909.133758 run-done : pid,6096
20250909.133802 run-done : pid,6109
20250909.133805 run-done : pid,6122
20250909.133809 run-done : pid,6135
20250909.133812 run-done : pid,6148
20250909.133815 run-done : pid,6161
20250909.133818 run-done : pid,6174
20250909.133821 run-done : pid,6187
20250909.133825 run-done : pid,6200
20250909.133828 run-done : pid,6213
20250909.133831 run-done : pid,6226
20250909.133834 run-done : pid,6239
20250909.133837 run-done : pid,6252
20250909.133841 run-done : pid,6265
