20250909.125800 run-done : pid,136
20250909.125801 run-done : pid,211
20250909.125804 run-done : pid,232
20250909.125807 run-done : pid,245
20250909.125811 run-done : pid,258
20250909.125814 run-done : pid,271
20250909.125817 run-done : pid,284
20250909.125820 run-done : pid,297
20250909.125823 run-done : pid,310
20250909.125826 run-done : pid,323
20250909.125830 run-done : pid,336
20250909.125833 run-done : pid,349
20250909.125836 run-done : pid,362
20250909.125839 run-done : pid,375
20250909.125842 run-done : pid,388
20250909.125845 run-done : pid,401
20250909.125849 run-done : pid,414
20250909.125852 run-done : pid,427
20250909.125855 run-done : pid,440
20250909.125858 run-done : pid,453
20250909.125901 run-done : pid,466
20250909.125904 run-done : pid,479
20250909.125907 run-done : pid,492
20250909.125911 run-done : pid,505
20250909.125914 run-done : pid,518
20250909.125917 run-done : pid,531
20250909.125920 run-done : pid,544
20250909.125923 run-done : pid,557
20250909.125926 run-done : pid,570
20250909.125930 run-done : pid,583
20250909.125933 run-done : pid,596
20250909.125936 run-done : pid,609
20250909.125939 run-done : pid,622
20250909.125942 run-done : pid,635
20250909.125945 run-done : pid,648
20250909.125948 run-done : pid,661
20250909.125952 run-done : pid,674
20250909.125955 run-done : pid,687
20250909.125958 run-done : pid,700
Data Reader Logon : Message : Logon { 
ddsMsg.DATS_Source : DATA_SERVICE
ddsMsg.DATS_Destination : DATA_SERVICE
ddsMsg.DATS_SourceUser : AUTH
ddsMsg.DATS_DestinationUser : CRYPTO_TRADER_1
Header { 
ddsMsg.BeginString : FIX.4.4
ddsMsg.BodyLength : 114
ddsMsg.MsgType : A
ddsMsg.SenderCompID : CRYPTO_TRADER_1
ddsMsg.TargetCompID : FIX_GWY_1
ddsMsg.MsgSeqNum : 1
ddsMsg.SenderSubID : 
ddsMsg.TargetSubID : 
ddsMsg.SendingTime : 2460928
}
ddsMsg.EncryptMethod : 0
ddsMsg.HeartBtInt : 30
ddsMsg.RawData : CRYPTO_TRADER_1:FIX_GWY_1:1757422800:0
ddsMsg.Username : CRYPTO_TRADER_1
ddsMsg.Password : TEST
}

20250909.130001 run-done : pid,713
20250909.130004 run-done : pid,726
20250909.130008 run-done : pid,739
20250909.130011 run-done : pid,752
20250909.130014 run-done : pid,765
20250909.130017 run-done : pid,778
20250909.130020 run-done : pid,791
20250909.130023 run-done : pid,804
20250909.130026 run-done : pid,817
20250909.130030 run-done : pid,830
20250909.130033 run-done : pid,843
20250909.130036 run-done : pid,856
20250909.130039 run-done : pid,869
20250909.130042 run-done : pid,882
20250909.130045 run-done : pid,895
20250909.130049 run-done : pid,908
20250909.130052 run-done : pid,921
20250909.130055 run-done : pid,934
20250909.130059 run-done : pid,947
20250909.130102 run-done : pid,960
20250909.130105 run-done : pid,973
20250909.130109 run-done : pid,986
20250909.130113 run-done : pid,999
20250909.130116 run-done : pid,1012
20250909.130120 run-done : pid,1025
20250909.130124 run-done : pid,1038
20250909.130127 run-done : pid,1051
20250909.130130 run-done : pid,1064
20250909.130133 run-done : pid,1077
20250909.130137 run-done : pid,1090
20250909.130140 run-done : pid,1103
20250909.130143 run-done : pid,1116
20250909.130146 run-done : pid,1129
20250909.130150 run-done : pid,1142
20250909.130153 run-done : pid,1155
20250909.130156 run-done : pid,1168
20250909.130200 run-done : pid,1181
20250909.130203 run-done : pid,1194
20250909.130206 run-done : pid,1207
20250909.130209 run-done : pid,1220
20250909.130213 run-done : pid,1233
20250909.130216 run-done : pid,1246
20250909.130219 run-done : pid,1259
20250909.130222 run-done : pid,1272
20250909.130226 run-done : pid,1285
20250909.130229 run-done : pid,1298
20250909.130232 run-done : pid,1311
20250909.130235 run-done : pid,1324
20250909.130238 run-done : pid,1337
20250909.130242 run-done : pid,1350
20250909.130245 run-done : pid,1363
20250909.130248 run-done : pid,1376
20250909.130251 run-done : pid,1389
20250909.130254 run-done : pid,1402
20250909.130258 run-done : pid,1415
20250909.130301 run-done : pid,1428
20250909.130304 run-done : pid,1441
20250909.130307 run-done : pid,1454
20250909.130310 run-done : pid,1467
20250909.130314 run-done : pid,1480
20250909.130317 run-done : pid,1493
20250909.130320 run-done : pid,1506
20250909.130323 run-done : pid,1519
20250909.130326 run-done : pid,1532
20250909.130330 run-done : pid,1545
20250909.130333 run-done : pid,1558
20250909.130336 run-done : pid,1571
20250909.130339 run-done : pid,1584
20250909.130342 run-done : pid,1597
20250909.130346 run-done : pid,1610
20250909.130349 run-done : pid,1623
20250909.130352 run-done : pid,1636
20250909.130355 run-done : pid,1649
20250909.130359 run-done : pid,1662
20250909.130402 run-done : pid,1675
20250909.130405 run-done : pid,1688
20250909.130408 run-done : pid,1701
20250909.130412 run-done : pid,1714
20250909.130415 run-done : pid,1727
20250909.130418 run-done : pid,1740
20250909.130421 run-done : pid,1753
20250909.130424 run-done : pid,1766
20250909.130428 run-done : pid,1779
20250909.130431 run-done : pid,1792
20250909.130434 run-done : pid,1805
20250909.130437 run-done : pid,1818
20250909.130440 run-done : pid,1831
20250909.130444 run-done : pid,1844
20250909.130447 run-done : pid,1857
20250909.130450 run-done : pid,1870
20250909.130453 run-done : pid,1883
20250909.130456 run-done : pid,1896
20250909.130500 run-done : pid,1909
20250909.130503 run-done : pid,1922
20250909.130506 run-done : pid,1935
20250909.130510 run-done : pid,1948
20250909.130513 run-done : pid,1961
20250909.130516 run-done : pid,1974
20250909.130519 run-done : pid,1987
20250909.130522 run-done : pid,2000
20250909.130526 run-done : pid,2013
20250909.130529 run-done : pid,2026
20250909.130532 run-done : pid,2039
20250909.130535 run-done : pid,2052
20250909.130538 run-done : pid,2065
20250909.130542 run-done : pid,2078
20250909.130545 run-done : pid,2091
20250909.130548 run-done : pid,2104
20250909.130551 run-done : pid,2117
20250909.130554 run-done : pid,2130
20250909.130557 run-done : pid,2143
20250909.130601 run-done : pid,2156
20250909.130604 run-done : pid,2169
20250909.130607 run-done : pid,2182
20250909.130610 run-done : pid,2195
20250909.130613 run-done : pid,2208
20250909.130617 run-done : pid,2221
20250909.130620 run-done : pid,2234
20250909.130623 run-done : pid,2247
20250909.130626 run-done : pid,2260
20250909.130629 run-done : pid,2273
20250909.130633 run-done : pid,2286
20250909.130636 run-done : pid,2299
20250909.130639 run-done : pid,2312
20250909.130642 run-done : pid,2325
20250909.130645 run-done : pid,2338
20250909.130648 run-done : pid,2351
20250909.130652 run-done : pid,2364
20250909.130655 run-done : pid,2377
20250909.130658 run-done : pid,2390
20250909.130701 run-done : pid,2403
20250909.130704 run-done : pid,2416
20250909.130708 run-done : pid,2429
20250909.130711 run-done : pid,2442
20250909.130714 run-done : pid,2455
20250909.130717 run-done : pid,2468
20250909.130720 run-done : pid,2481
20250909.130723 run-done : pid,2494
20250909.130727 run-done : pid,2507
20250909.130730 run-done : pid,2520
20250909.130733 run-done : pid,2533
20250909.130736 run-done : pid,2546
20250909.130739 run-done : pid,2559
20250909.130743 run-done : pid,2572
20250909.130746 run-done : pid,2585
20250909.130749 run-done : pid,2598
20250909.130753 run-done : pid,2611
20250909.130756 run-done : pid,2624
20250909.130759 run-done : pid,2637
20250909.130802 run-done : pid,2650
20250909.130805 run-done : pid,2663
20250909.130809 run-done : pid,2676
20250909.130812 run-done : pid,2689
20250909.130815 run-done : pid,2702
20250909.130818 run-done : pid,2715
20250909.130821 run-done : pid,2728
20250909.130825 run-done : pid,2741
20250909.130828 run-done : pid,2754
20250909.130831 run-done : pid,2767
20250909.130834 run-done : pid,2780
20250909.130837 run-done : pid,2793
20250909.130840 run-done : pid,2806
20250909.130844 run-done : pid,2819
20250909.130847 run-done : pid,2832
20250909.130850 run-done : pid,2845
20250909.130853 run-done : pid,2858
20250909.130856 run-done : pid,2871
20250909.130859 run-done : pid,2884
20250909.130903 run-done : pid,2897
20250909.130906 run-done : pid,2910
20250909.130909 run-done : pid,2923
20250909.130912 run-done : pid,2936
20250909.130915 run-done : pid,2949
20250909.130918 run-done : pid,2962
20250909.130922 run-done : pid,2975
20250909.130925 run-done : pid,2988
20250909.130928 run-done : pid,3001
20250909.130931 run-done : pid,3014
20250909.130934 run-done : pid,3027
20250909.130937 run-done : pid,3040
20250909.130941 run-done : pid,3053
20250909.130944 run-done : pid,3066
20250909.130947 run-done : pid,3079
20250909.130950 run-done : pid,3092
20250909.130953 run-done : pid,3105
20250909.130957 run-done : pid,3118
20250909.131000 run-done : pid,3131
20250909.131003 run-done : pid,3144
20250909.131006 run-done : pid,3157
20250909.131009 run-done : pid,3170
20250909.131012 run-done : pid,3183
20250909.131016 run-done : pid,3196
20250909.131019 run-done : pid,3209
20250909.131022 run-done : pid,3222
20250909.131025 run-done : pid,3235
20250909.131028 run-done : pid,3248
20250909.131031 run-done : pid,3261
20250909.131035 run-done : pid,3274
20250909.131038 run-done : pid,3287
20250909.131041 run-done : pid,3300
20250909.131044 run-done : pid,3313
20250909.131047 run-done : pid,3326
20250909.131050 run-done : pid,3339
20250909.131054 run-done : pid,3352
20250909.131057 run-done : pid,3365
20250909.131100 run-done : pid,3378
20250909.131103 run-done : pid,3391
20250909.131106 run-done : pid,3404
20250909.131109 run-done : pid,3417
20250909.131113 run-done : pid,3430
20250909.131116 run-done : pid,3443
20250909.131119 run-done : pid,3456
20250909.131122 run-done : pid,3469
20250909.131125 run-done : pid,3482
20250909.131129 run-done : pid,3495
20250909.131132 run-done : pid,3508
20250909.131135 run-done : pid,3521
20250909.131138 run-done : pid,3534
20250909.131141 run-done : pid,3547
20250909.131144 run-done : pid,3560
20250909.131148 run-done : pid,3573
20250909.131151 run-done : pid,3586
20250909.131154 run-done : pid,3599
20250909.131157 run-done : pid,3612
20250909.131200 run-done : pid,3625
20250909.131203 run-done : pid,3638
20250909.131207 run-done : pid,3651
20250909.131210 run-done : pid,3664
20250909.131213 run-done : pid,3677
20250909.131216 run-done : pid,3690
20250909.131219 run-done : pid,3703
20250909.131222 run-done : pid,3716
20250909.131226 run-done : pid,3729
20250909.131229 run-done : pid,3742
20250909.131232 run-done : pid,3755
20250909.131235 run-done : pid,3768
20250909.131238 run-done : pid,3781
20250909.131241 run-done : pid,3794
20250909.131245 run-done : pid,3807
20250909.131248 run-done : pid,3820
20250909.131251 run-done : pid,3833
20250909.131254 run-done : pid,3846
20250909.131257 run-done : pid,3859
20250909.131300 run-done : pid,3872
20250909.131304 run-done : pid,3885
20250909.131307 run-done : pid,3898
20250909.131310 run-done : pid,3911
20250909.131313 run-done : pid,3924
20250909.131316 run-done : pid,3937
20250909.131320 run-done : pid,3950
20250909.131323 run-done : pid,3963
20250909.131326 run-done : pid,3976
20250909.131329 run-done : pid,3989
20250909.131332 run-done : pid,4002
20250909.131335 run-done : pid,4015
20250909.131339 run-done : pid,4028
20250909.131342 run-done : pid,4041
20250909.131345 run-done : pid,4054
20250909.131348 run-done : pid,4067
20250909.131351 run-done : pid,4080
20250909.131355 run-done : pid,4093
20250909.131358 run-done : pid,4106
20250909.131401 run-done : pid,4119
20250909.131404 run-done : pid,4132
20250909.131407 run-done : pid,4145
20250909.131410 run-done : pid,4158
20250909.131414 run-done : pid,4171
20250909.131417 run-done : pid,4184
20250909.131420 run-done : pid,4197
20250909.131423 run-done : pid,4210
20250909.131426 run-done : pid,4223
20250909.131430 run-done : pid,4236
20250909.131433 run-done : pid,4249
20250909.131436 run-done : pid,4262
20250909.131439 run-done : pid,4275
20250909.131442 run-done : pid,4288
20250909.131446 run-done : pid,4301
20250909.131449 run-done : pid,4314
20250909.131452 run-done : pid,4327
20250909.131455 run-done : pid,4340
20250909.131458 run-done : pid,4353
20250909.131502 run-done : pid,4366
20250909.131505 run-done : pid,4379
20250909.131508 run-done : pid,4392
20250909.131511 run-done : pid,4405
20250909.131514 run-done : pid,4418
20250909.131517 run-done : pid,4431
20250909.131521 run-done : pid,4444
20250909.131524 run-done : pid,4457
20250909.131527 run-done : pid,4470
20250909.131530 run-done : pid,4483
20250909.131533 run-done : pid,4496
20250909.131537 run-done : pid,4509
20250909.131540 run-done : pid,4522
20250909.131543 run-done : pid,4535
20250909.131546 run-done : pid,4548
20250909.131550 run-done : pid,4561
20250909.131553 run-done : pid,4574
20250909.131556 run-done : pid,4587
20250909.131559 run-done : pid,4600
20250909.131603 run-done : pid,4613
20250909.131606 run-done : pid,4626
20250909.131609 run-done : pid,4639
20250909.131612 run-done : pid,4652
20250909.131616 run-done : pid,4665
20250909.131619 run-done : pid,4678
20250909.131622 run-done : pid,4691
20250909.131625 run-done : pid,4704
20250909.131628 run-done : pid,4717
20250909.131632 run-done : pid,4730
20250909.131635 run-done : pid,4743
20250909.131638 run-done : pid,4756
20250909.131641 run-done : pid,4769
20250909.131644 run-done : pid,4782
20250909.131648 run-done : pid,4795
20250909.131651 run-done : pid,4808
20250909.131654 run-done : pid,4821
20250909.131657 run-done : pid,4834
20250909.131700 run-done : pid,4847
20250909.131703 run-done : pid,4860
20250909.131707 run-done : pid,4873
20250909.131710 run-done : pid,4886
20250909.131713 run-done : pid,4899
20250909.131716 run-done : pid,4912
20250909.131719 run-done : pid,4925
20250909.131723 run-done : pid,4938
20250909.131726 run-done : pid,4951
20250909.131729 run-done : pid,4964
20250909.131732 run-done : pid,4977
20250909.131735 run-done : pid,4990
20250909.131739 run-done : pid,5003
20250909.131742 run-done : pid,5016
20250909.131745 run-done : pid,5029
20250909.131748 run-done : pid,5042
20250909.131751 run-done : pid,5055
20250909.131755 run-done : pid,5068
20250909.131758 run-done : pid,5081
20250909.131801 run-done : pid,5094
20250909.131804 run-done : pid,5107
20250909.131807 run-done : pid,5120
20250909.131811 run-done : pid,5133
20250909.131814 run-done : pid,5146
20250909.131817 run-done : pid,5159
20250909.131821 run-done : pid,5172
20250909.131824 run-done : pid,5185
20250909.131827 run-done : pid,5198
20250909.131830 run-done : pid,5211
20250909.131834 run-done : pid,5224
20250909.131837 run-done : pid,5237
20250909.131840 run-done : pid,5250
20250909.131843 run-done : pid,5263
20250909.131846 run-done : pid,5276
20250909.131850 run-done : pid,5289
20250909.131853 run-done : pid,5302
20250909.131856 run-done : pid,5315
20250909.131859 run-done : pid,5328
20250909.131903 run-done : pid,5341
20250909.131906 run-done : pid,5354
20250909.131909 run-done : pid,5367
20250909.131912 run-done : pid,5380
20250909.131916 run-done : pid,5393
20250909.131919 run-done : pid,5406
20250909.131922 run-done : pid,5419
20250909.131925 run-done : pid,5432
20250909.131928 run-done : pid,5445
20250909.131932 run-done : pid,5458
20250909.131935 run-done : pid,5471
20250909.131938 run-done : pid,5484
20250909.131941 run-done : pid,5497
20250909.131944 run-done : pid,5510
20250909.131948 run-done : pid,5523
20250909.131951 run-done : pid,5536
20250909.131954 run-done : pid,5549
20250909.131958 run-done : pid,5562
20250909.132001 run-done : pid,5575
20250909.132004 run-done : pid,5588
20250909.132007 run-done : pid,5601
20250909.132011 run-done : pid,5614
20250909.132014 run-done : pid,5627
20250909.132017 run-done : pid,5640
20250909.132020 run-done : pid,5653
20250909.132023 run-done : pid,5666
20250909.132027 run-done : pid,5679
20250909.132030 run-done : pid,5692
20250909.132033 run-done : pid,5705
20250909.132036 run-done : pid,5718
20250909.132039 run-done : pid,5731
20250909.132043 run-done : pid,5744
20250909.132046 run-done : pid,5757
20250909.132049 run-done : pid,5770
20250909.132052 run-done : pid,5783
20250909.132055 run-done : pid,5796
20250909.132100 run-done : pid,5809
20250909.132103 run-done : pid,5822
20250909.132107 run-done : pid,5835
20250909.132110 run-done : pid,5848
20250909.132113 run-done : pid,5861
20250909.132116 run-done : pid,5874
20250909.132119 run-done : pid,5887
20250909.133711 run-done : pid,5900
20250909.133714 run-done : pid,5913
20250909.133717 run-done : pid,5926
20250909.133720 run-done : pid,5939
20250909.133723 run-done : pid,5952
20250909.133727 run-done : pid,5965
20250909.133730 run-done : pid,5978
20250909.133733 run-done : pid,5991
20250909.133736 run-done : pid,6004
20250909.133739 run-done : pid,6017
20250909.133742 run-done : pid,6030
20250909.133745 run-done : pid,6043
20250909.133749 run-done : pid,6056
20250909.133752 run-done : pid,6069
20250909.133755 run-done : pid,6082
20250909.133758 run-done : pid,6095
20250909.133801 run-done : pid,6108
20250909.133805 run-done : pid,6121
20250909.133809 run-done : pid,6134
20250909.133812 run-done : pid,6147
20250909.133815 run-done : pid,6160
20250909.133818 run-done : pid,6173
20250909.133821 run-done : pid,6186
20250909.133825 run-done : pid,6199
20250909.133828 run-done : pid,6212
20250909.133831 run-done : pid,6225
20250909.133834 run-done : pid,6238
20250909.133837 run-done : pid,6251
20250909.133841 run-done : pid,6264
