20250909.125758 run-done : pid,78
Security:Message : SecurityList { 
ddsMsg.DATS_Source : DATA_SERVICE
ddsMsg.DATS_Destination : MATCHINE_ENGINE
ddsMsg.DATS_SourceUser : 
ddsMsg.DATS_DestinationUser : OTHER_COIN_MARKET
Header { 
ddsMsg.BeginString : 
ddsMsg.BodyLength : 0
ddsMsg.MsgType : y
ddsMsg.SenderCompID : 
ddsMsg.TargetCompID : 
ddsMsg.MsgSeqNum : 0
ddsMsg.SenderSubID : 
ddsMsg.TargetSubID : 
ddsMsg.SendingTime : 0
}
ddsMsg.SecurityReqID : 
ddsMsg.SecurityResponseID : 1
ddsMsg.SecurityRequestResult : 0
ddsMsg.c_NoRelatedSym
{
ddsMsg.c_NoRelatedSym()[0].Symbol : ADA-USD
ddsMsg.c_NoRelatedSym()[0].SecurityExchange : OTHER_COIN_MARKET
ddsMsg.c_NoRelatedSym()[0].Text : {"type":"Crypto"}
ddsMsg.c_NoRelatedSym()[1].Symbol : AVX-AUD
ddsMsg.c_NoRelatedSym()[1].SecurityExchange : OTHER_COIN_MARKET
ddsMsg.c_NoRelatedSym()[1].Text : {"type":"Crypto"}
ddsMsg.c_NoRelatedSym()[2].Symbol : BCH-CNY
ddsMsg.c_NoRelatedSym()[2].SecurityExchange : OTHER_COIN_MARKET
ddsMsg.c_NoRelatedSym()[2].Text : {"type":"Crypto"}
ddsMsg.c_NoRelatedSym()[3].Symbol : DAI-USD
ddsMsg.c_NoRelatedSym()[3].SecurityExchange : OTHER_COIN_MARKET
ddsMsg.c_NoRelatedSym()[3].Text : {"type":"Crypto"}
ddsMsg.c_NoRelatedSym()[4].Symbol : DOT-GBP
ddsMsg.c_NoRelatedSym()[4].SecurityExchange : OTHER_COIN_MARKET
ddsMsg.c_NoRelatedSym()[4].Text : {"type":"Crypto"}
ddsMsg.c_NoRelatedSym()[5].Symbol : LTC-JPY
ddsMsg.c_NoRelatedSym()[5].SecurityExchange : OTHER_COIN_MARKET
ddsMsg.c_NoRelatedSym()[5].Text : {"type":"Crypto"}
ddsMsg.c_NoRelatedSym()[6].Symbol : LUN-CAD
ddsMsg.c_NoRelatedSym()[6].SecurityExchange : OTHER_COIN_MARKET
ddsMsg.c_NoRelatedSym()[6].Text : {"type":"Crypto"}
ddsMsg.c_NoRelatedSym()[7].Symbol : MTC-CAD
ddsMsg.c_NoRelatedSym()[7].SecurityExchange : OTHER_COIN_MARKET
ddsMsg.c_NoRelatedSym()[7].Text : {"type":"Crypto"}
ddsMsg.c_NoRelatedSym()[8].Symbol : SOL-EUR
ddsMsg.c_NoRelatedSym()[8].SecurityExchange : OTHER_COIN_MARKET
ddsMsg.c_NoRelatedSym()[8].Text : {"type":"Crypto"}
ddsMsg.c_NoRelatedSym()[9].Symbol : UNI-JPY
ddsMsg.c_NoRelatedSym()[9].SecurityExchange : OTHER_COIN_MARKET
ddsMsg.c_NoRelatedSym()[9].Text : {"type":"Crypto"}
ddsMsg.c_NoRelatedSym()[10].Symbol : XLM-CNY
ddsMsg.c_NoRelatedSym()[10].SecurityExchange : OTHER_COIN_MARKET
ddsMsg.c_NoRelatedSym()[10].Text : {"type":"Crypto"}
ddsMsg.c_NoRelatedSym()[11].Symbol : XLM-EUR
ddsMsg.c_NoRelatedSym()[11].SecurityExchange : OTHER_COIN_MARKET
ddsMsg.c_NoRelatedSym()[11].Text : {"type":"Crypto"}
ddsMsg.c_NoRelatedSym()[12].Symbol : XMR-AUD
ddsMsg.c_NoRelatedSym()[12].SecurityExchange : OTHER_COIN_MARKET
ddsMsg.c_NoRelatedSym()[12].Text : {"type":"Crypto"}
ddsMsg.c_NoRelatedSym()[13].Symbol : XRP-GBP
ddsMsg.c_NoRelatedSym()[13].SecurityExchange : OTHER_COIN_MARKET
ddsMsg.c_NoRelatedSym()[13].Text : {"type":"Crypto"}
}
}

20250909.125801 run-done : pid,198
20250909.125804 run-done : pid,229
20250909.125807 run-done : pid,242
20250909.125810 run-done : pid,255
20250909.125813 run-done : pid,268
20250909.125817 run-done : pid,281
20250909.125820 run-done : pid,294
20250909.125823 run-done : pid,307
20250909.125826 run-done : pid,320
20250909.125829 run-done : pid,333
20250909.125832 run-done : pid,346
20250909.125836 run-done : pid,359
20250909.125839 run-done : pid,372
20250909.125842 run-done : pid,385
20250909.125845 run-done : pid,398
20250909.125848 run-done : pid,411
20250909.125851 run-done : pid,424
20250909.125855 run-done : pid,437
20250909.125858 run-done : pid,450
20250909.125901 run-done : pid,463
20250909.125904 run-done : pid,476
20250909.125907 run-done : pid,489
20250909.125910 run-done : pid,502
20250909.125913 run-done : pid,515
20250909.125917 run-done : pid,528
20250909.125920 run-done : pid,541
20250909.125923 run-done : pid,554
20250909.125926 run-done : pid,567
20250909.125929 run-done : pid,580
20250909.125932 run-done : pid,593
20250909.125936 run-done : pid,606
20250909.125939 run-done : pid,619
20250909.125942 run-done : pid,632
20250909.125945 run-done : pid,645
20250909.125948 run-done : pid,658
20250909.125951 run-done : pid,671
20250909.125955 run-done : pid,684
20250909.125958 run-done : pid,697
20250909.130001 run-done : pid,710
20250909.130004 run-done : pid,723
20250909.130007 run-done : pid,736
20250909.130010 run-done : pid,749
20250909.130014 run-done : pid,762
20250909.130017 run-done : pid,775
20250909.130020 run-done : pid,788
20250909.130023 run-done : pid,801
20250909.130026 run-done : pid,814
20250909.130029 run-done : pid,827
20250909.130032 run-done : pid,840
20250909.130036 run-done : pid,853
20250909.130039 run-done : pid,866
20250909.130042 run-done : pid,879
20250909.130045 run-done : pid,892
20250909.130048 run-done : pid,905
20250909.130051 run-done : pid,918
20250909.130055 run-done : pid,931
20250909.130058 run-done : pid,944
20250909.130102 run-done : pid,957
20250909.130105 run-done : pid,970
20250909.130108 run-done : pid,983
20250909.130112 run-done : pid,996
20250909.130116 run-done : pid,1009
20250909.130120 run-done : pid,1022
20250909.130123 run-done : pid,1035
20250909.130127 run-done : pid,1048
20250909.130130 run-done : pid,1061
20250909.130133 run-done : pid,1074
20250909.130136 run-done : pid,1087
20250909.130140 run-done : pid,1100
20250909.130143 run-done : pid,1113
20250909.130146 run-done : pid,1126
20250909.130149 run-done : pid,1139
20250909.130153 run-done : pid,1152
20250909.130156 run-done : pid,1165
20250909.130159 run-done : pid,1178
20250909.130203 run-done : pid,1191
20250909.130206 run-done : pid,1204
20250909.130209 run-done : pid,1217
20250909.130212 run-done : pid,1230
20250909.130216 run-done : pid,1243
20250909.130219 run-done : pid,1256
20250909.130222 run-done : pid,1269
20250909.130225 run-done : pid,1282
20250909.130228 run-done : pid,1295
20250909.130232 run-done : pid,1308
20250909.130235 run-done : pid,1321
20250909.130238 run-done : pid,1334
20250909.130241 run-done : pid,1347
20250909.130244 run-done : pid,1360
20250909.130248 run-done : pid,1373
20250909.130251 run-done : pid,1386
20250909.130254 run-done : pid,1399
20250909.130257 run-done : pid,1412
20250909.130301 run-done : pid,1425
20250909.130304 run-done : pid,1438
20250909.130307 run-done : pid,1451
20250909.130310 run-done : pid,1464
20250909.130313 run-done : pid,1477
20250909.130316 run-done : pid,1490
20250909.130320 run-done : pid,1503
20250909.130323 run-done : pid,1516
20250909.130326 run-done : pid,1529
20250909.130329 run-done : pid,1542
20250909.130332 run-done : pid,1555
20250909.130336 run-done : pid,1568
20250909.130339 run-done : pid,1581
20250909.130342 run-done : pid,1594
20250909.130345 run-done : pid,1607
20250909.130349 run-done : pid,1620
20250909.130352 run-done : pid,1633
20250909.130355 run-done : pid,1646
20250909.130358 run-done : pid,1659
20250909.130402 run-done : pid,1672
20250909.130405 run-done : pid,1685
20250909.130408 run-done : pid,1698
20250909.130411 run-done : pid,1711
20250909.130415 run-done : pid,1724
20250909.130418 run-done : pid,1737
20250909.130421 run-done : pid,1750
20250909.130424 run-done : pid,1763
20250909.130427 run-done : pid,1776
20250909.130430 run-done : pid,1789
20250909.130434 run-done : pid,1802
20250909.130437 run-done : pid,1815
20250909.130440 run-done : pid,1828
20250909.130443 run-done : pid,1841
20250909.130447 run-done : pid,1854
20250909.130450 run-done : pid,1867
20250909.130453 run-done : pid,1880
20250909.130456 run-done : pid,1893
20250909.130459 run-done : pid,1906
20250909.130503 run-done : pid,1919
20250909.130506 run-done : pid,1932
20250909.130509 run-done : pid,1945
20250909.130513 run-done : pid,1958
20250909.130516 run-done : pid,1971
20250909.130519 run-done : pid,1984
20250909.130522 run-done : pid,1997
20250909.130525 run-done : pid,2010
20250909.130529 run-done : pid,2023
20250909.130532 run-done : pid,2036
20250909.130535 run-done : pid,2049
20250909.130538 run-done : pid,2062
20250909.130541 run-done : pid,2075
20250909.130544 run-done : pid,2088
20250909.130548 run-done : pid,2101
20250909.130551 run-done : pid,2114
20250909.130554 run-done : pid,2127
20250909.130557 run-done : pid,2140
20250909.130600 run-done : pid,2153
20250909.130604 run-done : pid,2166
20250909.130607 run-done : pid,2179
20250909.130610 run-done : pid,2192
20250909.130613 run-done : pid,2205
20250909.130616 run-done : pid,2218
20250909.130620 run-done : pid,2231
20250909.130623 run-done : pid,2244
20250909.130626 run-done : pid,2257
20250909.130629 run-done : pid,2270
20250909.130632 run-done : pid,2283
20250909.130635 run-done : pid,2296
20250909.130639 run-done : pid,2309
20250909.130642 run-done : pid,2322
20250909.130645 run-done : pid,2335
20250909.130648 run-done : pid,2348
20250909.130651 run-done : pid,2361
20250909.130655 run-done : pid,2374
20250909.130658 run-done : pid,2387
20250909.130701 run-done : pid,2400
20250909.130704 run-done : pid,2413
20250909.130707 run-done : pid,2426
20250909.130710 run-done : pid,2439
20250909.130714 run-done : pid,2452
20250909.130717 run-done : pid,2465
20250909.130720 run-done : pid,2478
20250909.130723 run-done : pid,2491
20250909.130726 run-done : pid,2504
20250909.130730 run-done : pid,2517
20250909.130733 run-done : pid,2530
20250909.130736 run-done : pid,2543
20250909.130739 run-done : pid,2556
20250909.130742 run-done : pid,2569
20250909.130746 run-done : pid,2582
20250909.130749 run-done : pid,2595
20250909.130752 run-done : pid,2608
20250909.130756 run-done : pid,2621
20250909.130759 run-done : pid,2634
20250909.130802 run-done : pid,2647
20250909.130805 run-done : pid,2660
20250909.130808 run-done : pid,2673
20250909.130812 run-done : pid,2686
20250909.130815 run-done : pid,2699
20250909.130818 run-done : pid,2712
20250909.130821 run-done : pid,2725
20250909.130824 run-done : pid,2738
20250909.130827 run-done : pid,2751
20250909.130831 run-done : pid,2764
20250909.130834 run-done : pid,2777
20250909.130837 run-done : pid,2790
20250909.130840 run-done : pid,2803
20250909.130843 run-done : pid,2816
20250909.130846 run-done : pid,2829
20250909.130850 run-done : pid,2842
20250909.130853 run-done : pid,2855
20250909.130856 run-done : pid,2868
20250909.130859 run-done : pid,2881
20250909.130902 run-done : pid,2894
20250909.130906 run-done : pid,2907
20250909.130909 run-done : pid,2920
20250909.130912 run-done : pid,2933
20250909.130915 run-done : pid,2946
20250909.130918 run-done : pid,2959
20250909.130921 run-done : pid,2972
20250909.130925 run-done : pid,2985
20250909.130928 run-done : pid,2998
20250909.130931 run-done : pid,3011
20250909.130934 run-done : pid,3024
20250909.130937 run-done : pid,3037
20250909.130940 run-done : pid,3050
20250909.130944 run-done : pid,3063
20250909.130947 run-done : pid,3076
20250909.130950 run-done : pid,3089
20250909.130953 run-done : pid,3102
20250909.130956 run-done : pid,3115
20250909.130959 run-done : pid,3128
20250909.131003 run-done : pid,3141
20250909.131006 run-done : pid,3154
20250909.131009 run-done : pid,3167
20250909.131012 run-done : pid,3180
20250909.131015 run-done : pid,3193
20250909.131019 run-done : pid,3206
20250909.131022 run-done : pid,3219
20250909.131025 run-done : pid,3232
20250909.131028 run-done : pid,3245
20250909.131031 run-done : pid,3258
20250909.131034 run-done : pid,3271
20250909.131037 run-done : pid,3284
20250909.131041 run-done : pid,3297
20250909.131044 run-done : pid,3310
20250909.131047 run-done : pid,3323
20250909.131050 run-done : pid,3336
20250909.131053 run-done : pid,3349
20250909.131057 run-done : pid,3362
20250909.131100 run-done : pid,3375
20250909.131103 run-done : pid,3388
20250909.131106 run-done : pid,3401
20250909.131109 run-done : pid,3414
20250909.131112 run-done : pid,3427
20250909.131116 run-done : pid,3440
20250909.131119 run-done : pid,3453
20250909.131122 run-done : pid,3466
20250909.131125 run-done : pid,3479
20250909.131128 run-done : pid,3492
20250909.131131 run-done : pid,3505
20250909.131135 run-done : pid,3518
20250909.131138 run-done : pid,3531
20250909.131141 run-done : pid,3544
20250909.131144 run-done : pid,3557
20250909.131147 run-done : pid,3570
20250909.131150 run-done : pid,3583
20250909.131154 run-done : pid,3596
20250909.131157 run-done : pid,3609
20250909.131200 run-done : pid,3622
20250909.131203 run-done : pid,3635
20250909.131206 run-done : pid,3648
20250909.131210 run-done : pid,3661
20250909.131213 run-done : pid,3674
20250909.131216 run-done : pid,3687
20250909.131219 run-done : pid,3700
20250909.131222 run-done : pid,3713
20250909.131225 run-done : pid,3726
20250909.131229 run-done : pid,3739
20250909.131232 run-done : pid,3752
20250909.131235 run-done : pid,3765
20250909.131238 run-done : pid,3778
20250909.131241 run-done : pid,3791
20250909.131244 run-done : pid,3804
20250909.131248 run-done : pid,3817
20250909.131251 run-done : pid,3830
20250909.131254 run-done : pid,3843
20250909.131257 run-done : pid,3856
20250909.131300 run-done : pid,3869
20250909.131303 run-done : pid,3882
20250909.131307 run-done : pid,3895
20250909.131310 run-done : pid,3908
20250909.131313 run-done : pid,3921
20250909.131316 run-done : pid,3934
20250909.131319 run-done : pid,3947
20250909.131322 run-done : pid,3960
20250909.131326 run-done : pid,3973
20250909.131329 run-done : pid,3986
20250909.131332 run-done : pid,3999
20250909.131335 run-done : pid,4012
20250909.131338 run-done : pid,4025
20250909.131342 run-done : pid,4038
20250909.131345 run-done : pid,4051
20250909.131348 run-done : pid,4064
20250909.131351 run-done : pid,4077
20250909.131354 run-done : pid,4090
20250909.131357 run-done : pid,4103
20250909.131401 run-done : pid,4116
20250909.131404 run-done : pid,4129
20250909.131407 run-done : pid,4142
20250909.131410 run-done : pid,4155
20250909.131413 run-done : pid,4168
20250909.131417 run-done : pid,4181
20250909.131420 run-done : pid,4194
20250909.131423 run-done : pid,4207
20250909.131426 run-done : pid,4220
20250909.131429 run-done : pid,4233
20250909.131433 run-done : pid,4246
20250909.131436 run-done : pid,4259
20250909.131439 run-done : pid,4272
20250909.131442 run-done : pid,4285
20250909.131445 run-done : pid,4298
20250909.131448 run-done : pid,4311
20250909.131452 run-done : pid,4324
20250909.131455 run-done : pid,4337
20250909.131458 run-done : pid,4350
20250909.131501 run-done : pid,4363
20250909.131504 run-done : pid,4376
20250909.131508 run-done : pid,4389
20250909.131511 run-done : pid,4402
20250909.131514 run-done : pid,4415
20250909.131517 run-done : pid,4428
20250909.131520 run-done : pid,4441
20250909.131524 run-done : pid,4454
20250909.131527 run-done : pid,4467
20250909.131530 run-done : pid,4480
20250909.131533 run-done : pid,4493
20250909.131536 run-done : pid,4506
20250909.131540 run-done : pid,4519
20250909.131543 run-done : pid,4532
20250909.131546 run-done : pid,4545
20250909.131549 run-done : pid,4558
20250909.131553 run-done : pid,4571
20250909.131556 run-done : pid,4584
20250909.131559 run-done : pid,4597
20250909.131602 run-done : pid,4610
20250909.131606 run-done : pid,4623
20250909.131609 run-done : pid,4636
20250909.131612 run-done : pid,4649
20250909.131615 run-done : pid,4662
20250909.131618 run-done : pid,4675
20250909.131622 run-done : pid,4688
20250909.131625 run-done : pid,4701
20250909.131628 run-done : pid,4714
20250909.131631 run-done : pid,4727
20250909.131634 run-done : pid,4740
20250909.131638 run-done : pid,4753
20250909.131641 run-done : pid,4766
20250909.131644 run-done : pid,4779
20250909.131647 run-done : pid,4792
20250909.131650 run-done : pid,4805
20250909.131654 run-done : pid,4818
20250909.131657 run-done : pid,4831
20250909.131700 run-done : pid,4844
20250909.131703 run-done : pid,4857
20250909.131706 run-done : pid,4870
20250909.131710 run-done : pid,4883
20250909.131713 run-done : pid,4896
20250909.131716 run-done : pid,4909
20250909.131719 run-done : pid,4922
20250909.131722 run-done : pid,4935
20250909.131726 run-done : pid,4948
20250909.131729 run-done : pid,4961
20250909.131732 run-done : pid,4974
20250909.131735 run-done : pid,4987
20250909.131738 run-done : pid,5000
20250909.131741 run-done : pid,5013
20250909.131745 run-done : pid,5026
20250909.131748 run-done : pid,5039
20250909.131751 run-done : pid,5052
20250909.131754 run-done : pid,5065
20250909.131757 run-done : pid,5078
20250909.131801 run-done : pid,5091
20250909.131804 run-done : pid,5104
20250909.131807 run-done : pid,5117
20250909.131810 run-done : pid,5130
20250909.131814 run-done : pid,5143
20250909.131817 run-done : pid,5156
20250909.131820 run-done : pid,5169
20250909.131824 run-done : pid,5182
20250909.131827 run-done : pid,5195
20250909.131830 run-done : pid,5208
20250909.131833 run-done : pid,5221
20250909.131837 run-done : pid,5234
20250909.131840 run-done : pid,5247
20250909.131843 run-done : pid,5260
20250909.131846 run-done : pid,5273
20250909.131849 run-done : pid,5286
20250909.131853 run-done : pid,5299
20250909.131856 run-done : pid,5312
20250909.131859 run-done : pid,5325
20250909.131902 run-done : pid,5338
20250909.131906 run-done : pid,5351
20250909.131909 run-done : pid,5364
20250909.131912 run-done : pid,5377
20250909.131915 run-done : pid,5390
20250909.131918 run-done : pid,5403
20250909.131922 run-done : pid,5416
20250909.131925 run-done : pid,5429
20250909.131928 run-done : pid,5442
20250909.131931 run-done : pid,5455
20250909.131935 run-done : pid,5468
20250909.131938 run-done : pid,5481
20250909.131941 run-done : pid,5494
20250909.131944 run-done : pid,5507
20250909.131948 run-done : pid,5520
20250909.131951 run-done : pid,5533
20250909.131954 run-done : pid,5546
20250909.131957 run-done : pid,5559
20250909.132001 run-done : pid,5572
20250909.132004 run-done : pid,5585
20250909.132007 run-done : pid,5598
20250909.132010 run-done : pid,5611
20250909.132014 run-done : pid,5624
20250909.132017 run-done : pid,5637
20250909.132020 run-done : pid,5650
20250909.132023 run-done : pid,5663
20250909.132026 run-done : pid,5676
20250909.132030 run-done : pid,5689
20250909.132033 run-done : pid,5702
20250909.132036 run-done : pid,5715
20250909.132039 run-done : pid,5728
20250909.132042 run-done : pid,5741
20250909.132046 run-done : pid,5754
20250909.132049 run-done : pid,5767
20250909.132052 run-done : pid,5780
20250909.132055 run-done : pid,5793
20250909.132100 run-done : pid,5806
20250909.132103 run-done : pid,5819
20250909.132106 run-done : pid,5832
20250909.132109 run-done : pid,5845
20250909.132113 run-done : pid,5858
20250909.132116 run-done : pid,5871
20250909.132119 run-done : pid,5884
20250909.133711 run-done : pid,5897
20250909.133714 run-done : pid,5910
20250909.133717 run-done : pid,5923
20250909.133720 run-done : pid,5936
20250909.133723 run-done : pid,5949
20250909.133726 run-done : pid,5962
20250909.133730 run-done : pid,5975
20250909.133733 run-done : pid,5988
20250909.133736 run-done : pid,6001
20250909.133739 run-done : pid,6014
20250909.133742 run-done : pid,6027
20250909.133745 run-done : pid,6040
20250909.133748 run-done : pid,6053
20250909.133752 run-done : pid,6066
20250909.133755 run-done : pid,6079
20250909.133758 run-done : pid,6092
20250909.133801 run-done : pid,6105
20250909.133805 run-done : pid,6118
20250909.133808 run-done : pid,6131
20250909.133811 run-done : pid,6144
20250909.133815 run-done : pid,6157
20250909.133818 run-done : pid,6170
20250909.133821 run-done : pid,6183
20250909.133824 run-done : pid,6196
20250909.133827 run-done : pid,6209
20250909.133831 run-done : pid,6222
20250909.133834 run-done : pid,6235
20250909.133837 run-done : pid,6248
20250909.133840 run-done : pid,6261
