20250909.125757 run-done : pid,62
Security:Message : SecurityList { 
ddsMsg.DATS_Source : DATA_SERVICE
ddsMsg.DATS_Destination : MATCHINE_ENGINE
ddsMsg.DATS_SourceUser : 
ddsMsg.DATS_DestinationUser : ETH_MARKET
Header { 
ddsMsg.BeginString : 
ddsMsg.BodyLength : 0
ddsMsg.MsgType : y
ddsMsg.SenderCompID : 
ddsMsg.TargetCompID : 
ddsMsg.MsgSeqNum : 0
ddsMsg.SenderSubID : 
ddsMsg.TargetSubID : 
ddsMsg.SendingTime : 0
}
ddsMsg.SecurityReqID : 
ddsMsg.SecurityResponseID : 1
ddsMsg.SecurityRequestResult : 0
ddsMsg.c_NoRelatedSym
{
ddsMsg.c_NoRelatedSym()[0].Symbol : ETH-AUD
ddsMsg.c_NoRelatedSym()[0].SecurityExchange : ETH_MARKET
ddsMsg.c_NoRelatedSym()[0].Text : {"type":"Crypto"}
ddsMsg.c_NoRelatedSym()[1].Symbol : ETH-CAD
ddsMsg.c_NoRelatedSym()[1].SecurityExchange : ETH_MARKET
ddsMsg.c_NoRelatedSym()[1].Text : {"type":"Crypto"}
ddsMsg.c_NoRelatedSym()[2].Symbol : ETH-CNY
ddsMsg.c_NoRelatedSym()[2].SecurityExchange : ETH_MARKET
ddsMsg.c_NoRelatedSym()[2].Text : {"type":"Crypto"}
ddsMsg.c_NoRelatedSym()[3].Symbol : ETH-EUR
ddsMsg.c_NoRelatedSym()[3].SecurityExchange : ETH_MARKET
ddsMsg.c_NoRelatedSym()[3].Text : {"type":"Crypto"}
ddsMsg.c_NoRelatedSym()[4].Symbol : ETH-GBP
ddsMsg.c_NoRelatedSym()[4].SecurityExchange : ETH_MARKET
ddsMsg.c_NoRelatedSym()[4].Text : {"type":"Crypto"}
ddsMsg.c_NoRelatedSym()[5].Symbol : ETH-JPY
ddsMsg.c_NoRelatedSym()[5].SecurityExchange : ETH_MARKET
ddsMsg.c_NoRelatedSym()[5].Text : {"type":"Crypto"}
ddsMsg.c_NoRelatedSym()[6].Symbol : ETH-USD
ddsMsg.c_NoRelatedSym()[6].SecurityExchange : ETH_MARKET
ddsMsg.c_NoRelatedSym()[6].Text : {"type":"Crypto"}
}
}

20250909.125801 run-done : pid,188
20250909.125804 run-done : pid,227
20250909.125807 run-done : pid,240
20250909.125810 run-done : pid,253
20250909.125813 run-done : pid,266
20250909.125816 run-done : pid,279
20250909.125820 run-done : pid,292
20250909.125823 run-done : pid,305
20250909.125826 run-done : pid,318
20250909.125829 run-done : pid,331
20250909.125832 run-done : pid,344
20250909.125835 run-done : pid,357
20250909.125839 run-done : pid,370
20250909.125842 run-done : pid,383
20250909.125845 run-done : pid,396
20250909.125848 run-done : pid,409
20250909.125851 run-done : pid,422
20250909.125854 run-done : pid,435
20250909.125858 run-done : pid,448
20250909.125901 run-done : pid,461
20250909.125904 run-done : pid,474
20250909.125907 run-done : pid,487
20250909.125910 run-done : pid,500
20250909.125913 run-done : pid,513
20250909.125917 run-done : pid,526
20250909.125920 run-done : pid,539
20250909.125923 run-done : pid,552
20250909.125926 run-done : pid,565
20250909.125929 run-done : pid,578
20250909.125932 run-done : pid,591
20250909.125935 run-done : pid,604
20250909.125939 run-done : pid,617
20250909.125942 run-done : pid,630
20250909.125945 run-done : pid,643
20250909.125948 run-done : pid,656
20250909.125951 run-done : pid,669
20250909.125954 run-done : pid,682
20250909.125958 run-done : pid,695
20250909.130001 run-done : pid,708
20250909.130004 run-done : pid,721
20250909.130007 run-done : pid,734
20250909.130010 run-done : pid,747
20250909.130013 run-done : pid,760
20250909.130017 run-done : pid,773
20250909.130020 run-done : pid,786
20250909.130023 run-done : pid,799
20250909.130026 run-done : pid,812
20250909.130029 run-done : pid,825
20250909.130032 run-done : pid,838
20250909.130036 run-done : pid,851
20250909.130039 run-done : pid,864
20250909.130042 run-done : pid,877
20250909.130045 run-done : pid,890
20250909.130048 run-done : pid,903
20250909.130051 run-done : pid,916
20250909.130055 run-done : pid,929
20250909.130058 run-done : pid,942
20250909.130102 run-done : pid,955
20250909.130105 run-done : pid,968
20250909.130108 run-done : pid,981
20250909.130112 run-done : pid,994
20250909.130116 run-done : pid,1007
20250909.130119 run-done : pid,1020
20250909.130123 run-done : pid,1033
20250909.130126 run-done : pid,1046
20250909.130130 run-done : pid,1059
20250909.130133 run-done : pid,1072
20250909.130136 run-done : pid,1085
20250909.130139 run-done : pid,1098
20250909.130143 run-done : pid,1111
20250909.130146 run-done : pid,1124
20250909.130149 run-done : pid,1137
20250909.130152 run-done : pid,1150
20250909.130156 run-done : pid,1163
20250909.130159 run-done : pid,1176
20250909.130202 run-done : pid,1189
20250909.130206 run-done : pid,1202
20250909.130209 run-done : pid,1215
20250909.130212 run-done : pid,1228
20250909.130215 run-done : pid,1241
20250909.130219 run-done : pid,1254
20250909.130222 run-done : pid,1267
20250909.130225 run-done : pid,1280
20250909.130228 run-done : pid,1293
20250909.130232 run-done : pid,1306
20250909.130235 run-done : pid,1319
20250909.130238 run-done : pid,1332
20250909.130241 run-done : pid,1345
20250909.130244 run-done : pid,1358
20250909.130248 run-done : pid,1371
20250909.130251 run-done : pid,1384
20250909.130254 run-done : pid,1397
20250909.130257 run-done : pid,1410
20250909.130300 run-done : pid,1423
20250909.130304 run-done : pid,1436
20250909.130307 run-done : pid,1449
20250909.130310 run-done : pid,1462
20250909.130313 run-done : pid,1475
20250909.130316 run-done : pid,1488
20250909.130320 run-done : pid,1501
20250909.130323 run-done : pid,1514
20250909.130326 run-done : pid,1527
20250909.130329 run-done : pid,1540
20250909.130332 run-done : pid,1553
20250909.130336 run-done : pid,1566
20250909.130339 run-done : pid,1579
20250909.130342 run-done : pid,1592
20250909.130345 run-done : pid,1605
20250909.130348 run-done : pid,1618
20250909.130352 run-done : pid,1631
20250909.130355 run-done : pid,1644
20250909.130358 run-done : pid,1657
20250909.130401 run-done : pid,1670
20250909.130405 run-done : pid,1683
20250909.130408 run-done : pid,1696
20250909.130411 run-done : pid,1709
20250909.130414 run-done : pid,1722
20250909.130418 run-done : pid,1735
20250909.130421 run-done : pid,1748
20250909.130424 run-done : pid,1761
20250909.130427 run-done : pid,1774
20250909.130430 run-done : pid,1787
20250909.130434 run-done : pid,1800
20250909.130437 run-done : pid,1813
20250909.130440 run-done : pid,1826
20250909.130443 run-done : pid,1839
20250909.130446 run-done : pid,1852
20250909.130450 run-done : pid,1865
20250909.130453 run-done : pid,1878
20250909.130456 run-done : pid,1891
20250909.130459 run-done : pid,1904
20250909.130502 run-done : pid,1917
20250909.130506 run-done : pid,1930
20250909.130509 run-done : pid,1943
20250909.130512 run-done : pid,1956
20250909.130516 run-done : pid,1969
20250909.130519 run-done : pid,1982
20250909.130522 run-done : pid,1995
20250909.130525 run-done : pid,2008
20250909.130528 run-done : pid,2021
20250909.130532 run-done : pid,2034
20250909.130535 run-done : pid,2047
20250909.130538 run-done : pid,2060
20250909.130541 run-done : pid,2073
20250909.130544 run-done : pid,2086
20250909.130548 run-done : pid,2099
20250909.130551 run-done : pid,2112
20250909.130554 run-done : pid,2125
20250909.130557 run-done : pid,2138
20250909.130600 run-done : pid,2151
20250909.130603 run-done : pid,2164
20250909.130607 run-done : pid,2177
20250909.130610 run-done : pid,2190
20250909.130613 run-done : pid,2203
20250909.130616 run-done : pid,2216
20250909.130619 run-done : pid,2229
20250909.130623 run-done : pid,2242
20250909.130626 run-done : pid,2255
20250909.130629 run-done : pid,2268
20250909.130632 run-done : pid,2281
20250909.130635 run-done : pid,2294
20250909.130639 run-done : pid,2307
20250909.130642 run-done : pid,2320
20250909.130645 run-done : pid,2333
20250909.130648 run-done : pid,2346
20250909.130651 run-done : pid,2359
20250909.130654 run-done : pid,2372
20250909.130658 run-done : pid,2385
20250909.130701 run-done : pid,2398
20250909.130704 run-done : pid,2411
20250909.130707 run-done : pid,2424
20250909.130710 run-done : pid,2437
20250909.130713 run-done : pid,2450
20250909.130717 run-done : pid,2463
20250909.130720 run-done : pid,2476
20250909.130723 run-done : pid,2489
20250909.130726 run-done : pid,2502
20250909.130729 run-done : pid,2515
20250909.130733 run-done : pid,2528
20250909.130736 run-done : pid,2541
20250909.130739 run-done : pid,2554
20250909.130742 run-done : pid,2567
20250909.130745 run-done : pid,2580
20250909.130749 run-done : pid,2593
20250909.130752 run-done : pid,2606
20250909.130755 run-done : pid,2619
20250909.130759 run-done : pid,2632
20250909.130802 run-done : pid,2645
20250909.130805 run-done : pid,2658
20250909.130808 run-done : pid,2671
20250909.130811 run-done : pid,2684
20250909.130815 run-done : pid,2697
20250909.130818 run-done : pid,2710
20250909.130821 run-done : pid,2723
20250909.130824 run-done : pid,2736
20250909.130827 run-done : pid,2749
20250909.130830 run-done : pid,2762
20250909.130834 run-done : pid,2775
20250909.130837 run-done : pid,2788
20250909.130840 run-done : pid,2801
20250909.130843 run-done : pid,2814
20250909.130846 run-done : pid,2827
20250909.130849 run-done : pid,2840
20250909.130853 run-done : pid,2853
20250909.130856 run-done : pid,2866
20250909.130859 run-done : pid,2879
20250909.130902 run-done : pid,2892
20250909.130905 run-done : pid,2905
20250909.130909 run-done : pid,2918
20250909.130912 run-done : pid,2931
20250909.130915 run-done : pid,2944
20250909.130918 run-done : pid,2957
20250909.130921 run-done : pid,2970
20250909.130924 run-done : pid,2983
20250909.130928 run-done : pid,2996
20250909.130931 run-done : pid,3009
20250909.130934 run-done : pid,3022
20250909.130937 run-done : pid,3035
20250909.130940 run-done : pid,3048
20250909.130943 run-done : pid,3061
20250909.130947 run-done : pid,3074
20250909.130950 run-done : pid,3087
20250909.130953 run-done : pid,3100
20250909.130956 run-done : pid,3113
20250909.130959 run-done : pid,3126
20250909.131003 run-done : pid,3139
20250909.131006 run-done : pid,3152
20250909.131009 run-done : pid,3165
20250909.131012 run-done : pid,3178
20250909.131015 run-done : pid,3191
20250909.131018 run-done : pid,3204
20250909.131022 run-done : pid,3217
20250909.131025 run-done : pid,3230
20250909.131028 run-done : pid,3243
20250909.131031 run-done : pid,3256
20250909.131034 run-done : pid,3269
20250909.131037 run-done : pid,3282
20250909.131040 run-done : pid,3295
20250909.131044 run-done : pid,3308
20250909.131047 run-done : pid,3321
20250909.131050 run-done : pid,3334
20250909.131053 run-done : pid,3347
20250909.131056 run-done : pid,3360
20250909.131100 run-done : pid,3373
20250909.131103 run-done : pid,3386
20250909.131106 run-done : pid,3399
20250909.131109 run-done : pid,3412
20250909.131112 run-done : pid,3425
20250909.131115 run-done : pid,3438
20250909.131119 run-done : pid,3451
20250909.131122 run-done : pid,3464
20250909.131125 run-done : pid,3477
20250909.131128 run-done : pid,3490
20250909.131131 run-done : pid,3503
20250909.131134 run-done : pid,3516
20250909.131138 run-done : pid,3529
20250909.131141 run-done : pid,3542
20250909.131144 run-done : pid,3555
20250909.131147 run-done : pid,3568
20250909.131150 run-done : pid,3581
20250909.131154 run-done : pid,3594
20250909.131157 run-done : pid,3607
20250909.131200 run-done : pid,3620
20250909.131203 run-done : pid,3633
20250909.131206 run-done : pid,3646
20250909.131209 run-done : pid,3659
20250909.131213 run-done : pid,3672
20250909.131216 run-done : pid,3685
20250909.131219 run-done : pid,3698
20250909.131222 run-done : pid,3711
20250909.131225 run-done : pid,3724
20250909.131228 run-done : pid,3737
20250909.131232 run-done : pid,3750
20250909.131235 run-done : pid,3763
20250909.131238 run-done : pid,3776
20250909.131241 run-done : pid,3789
20250909.131244 run-done : pid,3802
20250909.131247 run-done : pid,3815
20250909.131251 run-done : pid,3828
20250909.131254 run-done : pid,3841
20250909.131257 run-done : pid,3854
20250909.131300 run-done : pid,3867
20250909.131303 run-done : pid,3880
20250909.131306 run-done : pid,3893
20250909.131310 run-done : pid,3906
20250909.131313 run-done : pid,3919
20250909.131316 run-done : pid,3932
20250909.131319 run-done : pid,3945
20250909.131322 run-done : pid,3958
20250909.131325 run-done : pid,3971
20250909.131329 run-done : pid,3984
20250909.131332 run-done : pid,3997
20250909.131335 run-done : pid,4010
20250909.131338 run-done : pid,4023
20250909.131341 run-done : pid,4036
20250909.131345 run-done : pid,4049
20250909.131348 run-done : pid,4062
20250909.131351 run-done : pid,4075
20250909.131354 run-done : pid,4088
20250909.131357 run-done : pid,4101
20250909.131400 run-done : pid,4114
20250909.131404 run-done : pid,4127
20250909.131407 run-done : pid,4140
20250909.131410 run-done : pid,4153
20250909.131413 run-done : pid,4166
20250909.131416 run-done : pid,4179
20250909.131420 run-done : pid,4192
20250909.131423 run-done : pid,4205
20250909.131426 run-done : pid,4218
20250909.131429 run-done : pid,4231
20250909.131432 run-done : pid,4244
20250909.131436 run-done : pid,4257
20250909.131439 run-done : pid,4270
20250909.131442 run-done : pid,4283
20250909.131445 run-done : pid,4296
20250909.131448 run-done : pid,4309
20250909.131452 run-done : pid,4322
20250909.131455 run-done : pid,4335
20250909.131458 run-done : pid,4348
20250909.131501 run-done : pid,4361
20250909.131504 run-done : pid,4374
20250909.131507 run-done : pid,4387
20250909.131511 run-done : pid,4400
20250909.131514 run-done : pid,4413
20250909.131517 run-done : pid,4426
20250909.131520 run-done : pid,4439
20250909.131523 run-done : pid,4452
20250909.131527 run-done : pid,4465
20250909.131530 run-done : pid,4478
20250909.131533 run-done : pid,4491
20250909.131536 run-done : pid,4504
20250909.131539 run-done : pid,4517
20250909.131543 run-done : pid,4530
20250909.131546 run-done : pid,4543
20250909.131549 run-done : pid,4556
20250909.131552 run-done : pid,4569
20250909.131556 run-done : pid,4582
20250909.131559 run-done : pid,4595
20250909.131602 run-done : pid,4608
20250909.131605 run-done : pid,4621
20250909.131609 run-done : pid,4634
20250909.131612 run-done : pid,4647
20250909.131615 run-done : pid,4660
20250909.131618 run-done : pid,4673
20250909.131622 run-done : pid,4686
20250909.131625 run-done : pid,4699
20250909.131628 run-done : pid,4712
20250909.131631 run-done : pid,4725
20250909.131634 run-done : pid,4738
20250909.131638 run-done : pid,4751
20250909.131641 run-done : pid,4764
20250909.131644 run-done : pid,4777
20250909.131647 run-done : pid,4790
20250909.131650 run-done : pid,4803
20250909.131653 run-done : pid,4816
20250909.131657 run-done : pid,4829
20250909.131700 run-done : pid,4842
20250909.131703 run-done : pid,4855
20250909.131706 run-done : pid,4868
20250909.131709 run-done : pid,4881
20250909.131713 run-done : pid,4894
20250909.131716 run-done : pid,4907
20250909.131719 run-done : pid,4920
20250909.131722 run-done : pid,4933
20250909.131725 run-done : pid,4946
20250909.131729 run-done : pid,4959
20250909.131732 run-done : pid,4972
20250909.131735 run-done : pid,4985
20250909.131738 run-done : pid,4998
20250909.131741 run-done : pid,5011
20250909.131745 run-done : pid,5024
20250909.131748 run-done : pid,5037
20250909.131751 run-done : pid,5050
20250909.131754 run-done : pid,5063
20250909.131757 run-done : pid,5076
20250909.131801 run-done : pid,5089
20250909.131804 run-done : pid,5102
20250909.131807 run-done : pid,5115
20250909.131810 run-done : pid,5128
20250909.131813 run-done : pid,5141
20250909.131817 run-done : pid,5154
20250909.131820 run-done : pid,5167
20250909.131824 run-done : pid,5180
20250909.131827 run-done : pid,5193
20250909.131830 run-done : pid,5206
20250909.131833 run-done : pid,5219
20250909.131836 run-done : pid,5232
20250909.131840 run-done : pid,5245
20250909.131843 run-done : pid,5258
20250909.131846 run-done : pid,5271
20250909.131849 run-done : pid,5284
20250909.131852 run-done : pid,5297
20250909.131856 run-done : pid,5310
20250909.131859 run-done : pid,5323
20250909.131902 run-done : pid,5336
20250909.131905 run-done : pid,5349
20250909.131909 run-done : pid,5362
20250909.131912 run-done : pid,5375
20250909.131915 run-done : pid,5388
20250909.131918 run-done : pid,5401
20250909.131922 run-done : pid,5414
20250909.131925 run-done : pid,5427
20250909.131928 run-done : pid,5440
20250909.131931 run-done : pid,5453
20250909.131934 run-done : pid,5466
20250909.131938 run-done : pid,5479
20250909.131941 run-done : pid,5492
20250909.131944 run-done : pid,5505
20250909.131947 run-done : pid,5518
20250909.131951 run-done : pid,5531
20250909.131954 run-done : pid,5544
20250909.131957 run-done : pid,5557
20250909.132001 run-done : pid,5570
20250909.132004 run-done : pid,5583
20250909.132007 run-done : pid,5596
20250909.132010 run-done : pid,5609
20250909.132013 run-done : pid,5622
20250909.132017 run-done : pid,5635
20250909.132020 run-done : pid,5648
20250909.132023 run-done : pid,5661
20250909.132026 run-done : pid,5674
20250909.132029 run-done : pid,5687
20250909.132033 run-done : pid,5700
20250909.132036 run-done : pid,5713
20250909.132039 run-done : pid,5726
20250909.132042 run-done : pid,5739
20250909.132045 run-done : pid,5752
20250909.132049 run-done : pid,5765
20250909.132052 run-done : pid,5778
20250909.132055 run-done : pid,5791
20250909.132100 run-done : pid,5804
20250909.132103 run-done : pid,5817
20250909.132106 run-done : pid,5830
20250909.132109 run-done : pid,5843
20250909.132112 run-done : pid,5856
20250909.132116 run-done : pid,5869
20250909.132119 run-done : pid,5882
20250909.133710 run-done : pid,5895
20250909.133714 run-done : pid,5908
20250909.133717 run-done : pid,5921
20250909.133720 run-done : pid,5934
20250909.133723 run-done : pid,5947
20250909.133726 run-done : pid,5960
20250909.133729 run-done : pid,5973
20250909.133732 run-done : pid,5986
20250909.133736 run-done : pid,5999
20250909.133739 run-done : pid,6012
20250909.133742 run-done : pid,6025
20250909.133745 run-done : pid,6038
20250909.133748 run-done : pid,6051
20250909.133751 run-done : pid,6064
20250909.133755 run-done : pid,6077
20250909.133758 run-done : pid,6090
20250909.133801 run-done : pid,6103
20250909.133805 run-done : pid,6116
20250909.133808 run-done : pid,6129
20250909.133811 run-done : pid,6142
20250909.133814 run-done : pid,6155
20250909.133818 run-done : pid,6168
20250909.133821 run-done : pid,6181
20250909.133824 run-done : pid,6194
20250909.133827 run-done : pid,6207
20250909.133830 run-done : pid,6220
20250909.133834 run-done : pid,6233
20250909.133837 run-done : pid,6246
20250909.133840 run-done : pid,6259
